../Core/Src/oled.c:227:6:OLED_Init	16	static
../Core/Src/oled.c:269:6:OLED_Clear	8	static
../Core/Src/oled.c:280:6:OLED_Update	8	static
../Core/Src/oled.c:299:6:OLED_SetCursor	16	static
../Core/Src/oled.c:311:6:OLED_WriteChar	32	static
../Core/Src/oled.c:350:6:OLED_WriteString	16	static
../Core/Src/oled.c:365:6:OLED_DrawPixel	16	static
../Core/Src/oled.c:383:6:OLED_DrawRect	32	static
../Core/Src/oled.c:405:6:OLED_FillRect	32	static
../Core/Src/oled.c:421:13:OLED_DrawBitmap	16	static
../Core/Src/oled.c:430:6:OLED_ShowSplashScreen	8	static
../Core/Src/oled.c:464:6:OLED_ShowModeScreen	104	static
../Core/Src/oled.c:667:13:OLED_WriteCommand	32	static
../Core/Src/oled.c:679:13:OLED_WriteData	56	dynamic
