Archive member included to satisfy reference by file (symbol)

/opt/st/stm32cubeide_1.15.1/plugins/com.st.stm32cube.ide.mcu.externaltools.gnu-tools-for-stm32.12.3.rel1.linux64_1.0.100.202403111256/tools/bin/../lib/gcc/arm-none-eabi/12.3.1/../../../../arm-none-eabi/lib/thumb/v7e-m+fp/hard/libc_nano.a(libc_a-exit.o)
                              /opt/st/stm32cubeide_1.15.1/plugins/com.st.stm32cube.ide.mcu.externaltools.gnu-tools-for-stm32.12.3.rel1.linux64_1.0.100.202403111256/tools/bin/../lib/gcc/arm-none-eabi/12.3.1/../../../../arm-none-eabi/lib/thumb/v7e-m+fp/hard/crt0.o (exit)
/opt/st/stm32cubeide_1.15.1/plugins/com.st.stm32cube.ide.mcu.externaltools.gnu-tools-for-stm32.12.3.rel1.linux64_1.0.100.202403111256/tools/bin/../lib/gcc/arm-none-eabi/12.3.1/../../../../arm-none-eabi/lib/thumb/v7e-m+fp/hard/libc_nano.a(libc_a-findfp.o)
                              /opt/st/stm32cubeide_1.15.1/plugins/com.st.stm32cube.ide.mcu.externaltools.gnu-tools-for-stm32.12.3.rel1.linux64_1.0.100.202403111256/tools/bin/../lib/gcc/arm-none-eabi/12.3.1/../../../../arm-none-eabi/lib/thumb/v7e-m+fp/hard/libc_nano.a(libc_a-exit.o) (__stdio_exit_handler)
/opt/st/stm32cubeide_1.15.1/plugins/com.st.stm32cube.ide.mcu.externaltools.gnu-tools-for-stm32.12.3.rel1.linux64_1.0.100.202403111256/tools/bin/../lib/gcc/arm-none-eabi/12.3.1/../../../../arm-none-eabi/lib/thumb/v7e-m+fp/hard/libc_nano.a(libc_a-fwalk.o)
                              /opt/st/stm32cubeide_1.15.1/plugins/com.st.stm32cube.ide.mcu.externaltools.gnu-tools-for-stm32.12.3.rel1.linux64_1.0.100.202403111256/tools/bin/../lib/gcc/arm-none-eabi/12.3.1/../../../../arm-none-eabi/lib/thumb/v7e-m+fp/hard/libc_nano.a(libc_a-findfp.o) (_fwalk_sglue)
/opt/st/stm32cubeide_1.15.1/plugins/com.st.stm32cube.ide.mcu.externaltools.gnu-tools-for-stm32.12.3.rel1.linux64_1.0.100.202403111256/tools/bin/../lib/gcc/arm-none-eabi/12.3.1/../../../../arm-none-eabi/lib/thumb/v7e-m+fp/hard/libc_nano.a(libc_a-snprintf.o)
                              ./Core/Src/oled.o (snprintf)
/opt/st/stm32cubeide_1.15.1/plugins/com.st.stm32cube.ide.mcu.externaltools.gnu-tools-for-stm32.12.3.rel1.linux64_1.0.100.202403111256/tools/bin/../lib/gcc/arm-none-eabi/12.3.1/../../../../arm-none-eabi/lib/thumb/v7e-m+fp/hard/libc_nano.a(libc_a-stdio.o)
                              /opt/st/stm32cubeide_1.15.1/plugins/com.st.stm32cube.ide.mcu.externaltools.gnu-tools-for-stm32.12.3.rel1.linux64_1.0.100.202403111256/tools/bin/../lib/gcc/arm-none-eabi/12.3.1/../../../../arm-none-eabi/lib/thumb/v7e-m+fp/hard/libc_nano.a(libc_a-findfp.o) (__sread)
/opt/st/stm32cubeide_1.15.1/plugins/com.st.stm32cube.ide.mcu.externaltools.gnu-tools-for-stm32.12.3.rel1.linux64_1.0.100.202403111256/tools/bin/../lib/gcc/arm-none-eabi/12.3.1/../../../../arm-none-eabi/lib/thumb/v7e-m+fp/hard/libc_nano.a(libc_a-memset.o)
                              /opt/st/stm32cubeide_1.15.1/plugins/com.st.stm32cube.ide.mcu.externaltools.gnu-tools-for-stm32.12.3.rel1.linux64_1.0.100.202403111256/tools/bin/../lib/gcc/arm-none-eabi/12.3.1/../../../../arm-none-eabi/lib/thumb/v7e-m+fp/hard/crt0.o (memset)
/opt/st/stm32cubeide_1.15.1/plugins/com.st.stm32cube.ide.mcu.externaltools.gnu-tools-for-stm32.12.3.rel1.linux64_1.0.100.202403111256/tools/bin/../lib/gcc/arm-none-eabi/12.3.1/../../../../arm-none-eabi/lib/thumb/v7e-m+fp/hard/libc_nano.a(libc_a-closer.o)
                              /opt/st/stm32cubeide_1.15.1/plugins/com.st.stm32cube.ide.mcu.externaltools.gnu-tools-for-stm32.12.3.rel1.linux64_1.0.100.202403111256/tools/bin/../lib/gcc/arm-none-eabi/12.3.1/../../../../arm-none-eabi/lib/thumb/v7e-m+fp/hard/libc_nano.a(libc_a-stdio.o) (_close_r)
/opt/st/stm32cubeide_1.15.1/plugins/com.st.stm32cube.ide.mcu.externaltools.gnu-tools-for-stm32.12.3.rel1.linux64_1.0.100.202403111256/tools/bin/../lib/gcc/arm-none-eabi/12.3.1/../../../../arm-none-eabi/lib/thumb/v7e-m+fp/hard/libc_nano.a(libc_a-reent.o)
                              /opt/st/stm32cubeide_1.15.1/plugins/com.st.stm32cube.ide.mcu.externaltools.gnu-tools-for-stm32.12.3.rel1.linux64_1.0.100.202403111256/tools/bin/../lib/gcc/arm-none-eabi/12.3.1/../../../../arm-none-eabi/lib/thumb/v7e-m+fp/hard/libc_nano.a(libc_a-closer.o) (errno)
/opt/st/stm32cubeide_1.15.1/plugins/com.st.stm32cube.ide.mcu.externaltools.gnu-tools-for-stm32.12.3.rel1.linux64_1.0.100.202403111256/tools/bin/../lib/gcc/arm-none-eabi/12.3.1/../../../../arm-none-eabi/lib/thumb/v7e-m+fp/hard/libc_nano.a(libc_a-impure.o)
                              /opt/st/stm32cubeide_1.15.1/plugins/com.st.stm32cube.ide.mcu.externaltools.gnu-tools-for-stm32.12.3.rel1.linux64_1.0.100.202403111256/tools/bin/../lib/gcc/arm-none-eabi/12.3.1/../../../../arm-none-eabi/lib/thumb/v7e-m+fp/hard/libc_nano.a(libc_a-snprintf.o) (_impure_ptr)
[...]
Memory Configuration

Name             Origin             Length             Attributes
RAM              0x20000000         0x00018000         xrw
FLASH            0x08000000         0x00080000         xr
*default*        0x00000000         0xffffffff

Linker script and memory map

LOAD /opt/st/stm32cubeide_1.15.1/plugins/com.st.stm32cube.ide.mcu.externaltools.gnu-tools-for-stm32.12.3.rel1.linux64_1.0.100.202403111256/tools/bin/../lib/gcc/arm-none-eabi/12.3.1/thumb/v7e-m+fp/hard/crti.o
LOAD /opt/st/stm32cubeide_1.15.1/plugins/com.st.stm32cube.ide.mcu.externaltools.gnu-tools-for-stm32.12.3.rel1.linux64_1.0.100.202403111256/tools/bin/../lib/gcc/arm-none-eabi/12.3.1/thumb/v7e-m+fp/hard/crtbegin.o
LOAD /opt/st/stm32cubeide_1.15.1/plugins/com.st.stm32cube.ide.mcu.externaltools.gnu-tools-for-stm32.12.3.rel1.linux64_1.0.100.202403111256/tools/bin/../lib/gcc/arm-none-eabi/12.3.1/../../../../arm-none-eabi/lib/thumb/v7e-m+fp/hard/crt0.o
LOAD ./Core/Src/adc.o
LOAD ./Core/Src/gpio.o
LOAD ./Core/Src/i2c.o
LOAD ./Core/Src/joystick.o
LOAD ./Core/Src/lora.o
LOAD ./Core/Src/main.o
LOAD ./Core/Src/oled.o
LOAD ./Core/Src/stm32f4xx_hal_msp.o
LOAD ./Core/Src/stm32f4xx_it.o
LOAD ./Core/Src/switch.o
LOAD ./Core/Src/system_stm32f4xx.o
LOAD ./Core/Src/usart.o
LOAD ./Core/Src/usb.o
LOAD ./Core/Src/var.o
LOAD ./Core/Startup/startup_stm32f401ceux.o
LOAD ./Drivers/STM32F4xx_HAL_Driver/Src/stm32f4xx_hal.o
LOAD ./Drivers/STM32F4xx_HAL_Driver/Src/stm32f4xx_hal_adc.o
LOAD ./Drivers/STM32F4xx_HAL_Driver/Src/stm32f4xx_hal_adc_ex.o
LOAD ./Drivers/STM32F4xx_HAL_Driver/Src/stm32f4xx_hal_cortex.o
LOAD ./Drivers/STM32F4xx_HAL_Driver/Src/stm32f4xx_hal_dma.o
LOAD ./Drivers/STM32F4xx_HAL_Driver/Src/stm32f4xx_hal_dma_ex.o
LOAD ./Drivers/STM32F4xx_HAL_Driver/Src/stm32f4xx_hal_exti.o
LOAD ./Drivers/STM32F4xx_HAL_Driver/Src/stm32f4xx_hal_flash.o
LOAD ./Drivers/STM32F4xx_HAL_Driver/Src/stm32f4xx_hal_flash_ex.o
LOAD ./Drivers/STM32F4xx_HAL_Driver/Src/stm32f4xx_hal_flash_ramfunc.o
LOAD ./Drivers/STM32F4xx_HAL_Driver/Src/stm32f4xx_hal_gpio.o
LOAD ./Drivers/STM32F4xx_HAL_Driver/Src/stm32f4xx_hal_i2c.o
LOAD ./Drivers/STM32F4xx_HAL_Driver/Src/stm32f4xx_hal_i2c_ex.o
LOAD ./Drivers/STM32F4xx_HAL_Driver/Src/stm32f4xx_hal_pcd.o
LOAD ./Drivers/STM32F4xx_HAL_Driver/Src/stm32f4xx_hal_pcd_ex.o
LOAD ./Drivers/STM32F4xx_HAL_Driver/Src/stm32f4xx_hal_pwr.o
LOAD ./Drivers/STM32F4xx_HAL_Driver/Src/stm32f4xx_hal_pwr_ex.o
LOAD ./Drivers/STM32F4xx_HAL_Driver/Src/stm32f4xx_hal_rcc.o
LOAD ./Drivers/STM32F4xx_HAL_Driver/Src/stm32f4xx_hal_rcc_ex.o
LOAD ./Drivers/STM32F4xx_HAL_Driver/Src/stm32f4xx_hal_tim.o
LOAD ./Drivers/STM32F4xx_HAL_Driver/Src/stm32f4xx_hal_tim_ex.o
LOAD ./Drivers/STM32F4xx_HAL_Driver/Src/stm32f4xx_hal_uart.o
LOAD ./Drivers/STM32F4xx_HAL_Driver/Src/stm32f4xx_ll_adc.o
LOAD ./Drivers/STM32F4xx_HAL_Driver/Src/stm32f4xx_ll_usb.o
LOAD ./Middlewares/ST/STM32_USB_Device_Library/Class/CDC/Src/usbd_cdc.o
LOAD ./Middlewares/ST/STM32_USB_Device_Library/Core/Src/usbd_core.o
LOAD ./Middlewares/ST/STM32_USB_Device_Library/Core/Src/usbd_ctlreq.o
LOAD ./Middlewares/ST/STM32_USB_Device_Library/Core/Src/usbd_ioreq.o
LOAD ./USB_DEVICE/App/usb_device.o
LOAD ./USB_DEVICE/App/usbd_cdc_if.o
LOAD ./USB_DEVICE/App/usbd_desc.o
LOAD ./USB_DEVICE/Target/usbd_conf.o
START GROUP
LOAD /opt/st/stm32cubeide_1.15.1/plugins/com.st.stm32cube.ide.mcu.externaltools.gnu-tools-for-stm32.12.3.rel1.linux64_1.0.100.202403111256/tools/bin/../lib/gcc/arm-none-eabi/12.3.1/../../../../arm-none-eabi/lib/thumb/v7e-m+fp/hard/libc_nano.a
LOAD /opt/st/stm32cubeide_1.15.1/plugins/com.st.stm32cube.ide.mcu.externaltools.gnu-tools-for-stm32.12.3.rel1.linux64_1.0.100.202403111256/tools/bin/../lib/gcc/arm-none-eabi/12.3.1/../../../../arm-none-eabi/lib/thumb/v7e-m+fp/hard/libm.a
END GROUP
START GROUP
LOAD /opt/st/stm32cubeide_1.15.1/plugins/com.st.stm32cube.ide.mcu.externaltools.gnu-tools-for-stm32.12.3.rel1.linux64_1.0.100.202403111256/tools/bin/../lib/gcc/arm-none-eabi/12.3.1/thumb/v7e-m+fp/hard/libgcc.a
LOAD /opt/st/stm32cubeide_1.15.1/plugins/com.st.stm32cube.ide.mcu.externaltools.gnu-tools-for-stm32.12.3.rel1.linux64_1.0.100.202403111256/tools/bin/../lib/gcc/arm-none-eabi/12.3.1/../../../../arm-none-eabi/lib/thumb/v7e-m+fp/hard/libc_nano.a
END GROUP
START GROUP
LOAD /opt/st/stm32cubeide_1.15.1/plugins/com.st.stm32cube.ide.mcu.externaltools.gnu-tools-for-stm32.12.3.rel1.linux64_1.0.100.202403111256/tools/bin/../lib/gcc/arm-none-eabi/12.3.1/thumb/v7e-m+fp/hard/libgcc.a
LOAD /opt/st/stm32cubeide_1.15.1/plugins/com.st.stm32cube.ide.mcu.externaltools.gnu-tools-for-stm32.12.3.rel1.linux64_1.0.100.202403111256/tools/bin/../lib/gcc/arm-none-eabi/12.3.1/../../../../arm-none-eabi/lib/thumb/v7e-m+fp/hard/libc_nano.a
LOAD /opt/st/stm32cubeide_1.15.1/plugins/com.st.stm32cube.ide.mcu.externaltools.gnu-tools-for-stm32.12.3.rel1.linux64_1.0.100.202403111256/tools/bin/../lib/gcc/arm-none-eabi/12.3.1/../../../../arm-none-eabi/lib/thumb/v7e-m+fp/hard/libnosys.a
END GROUP
START GROUP
LOAD /opt/st/stm32cubeide_1.15.1/plugins/com.st.stm32cube.ide.mcu.externaltools.gnu-tools-for-stm32.12.3.rel1.linux64_1.0.100.202403111256/tools/bin/../lib/gcc/arm-none-eabi/12.3.1/thumb/v7e-m+fp/hard/libgcc.a
LOAD /opt/st/stm32cubeide_1.15.1/plugins/com.st.stm32cube.ide.mcu.externaltools.gnu-tools-for-stm32.12.3.rel1.linux64_1.0.100.202403111256/tools/bin/../lib/gcc/arm-none-eabi/12.3.1/../../../../arm-none-eabi/lib/thumb/v7e-m+fp/hard/libc_nano.a
LOAD /opt/st/stm32cubeide_1.15.1/plugins/com.st.stm32cube.ide.mcu.externaltools.gnu-tools-for-stm32.12.3.rel1.linux64_1.0.100.202403111256/tools/bin/../lib/gcc/arm-none-eabi/12.3.1/../../../../arm-none-eabi/lib/thumb/v7e-m+fp/hard/libnosys.a
END GROUP
LOAD /opt/st/stm32cubeide_1.15.1/plugins/com.st.stm32cube.ide.mcu.externaltools.gnu-tools-for-stm32.12.3.rel1.linux64_1.0.100.202403111256/tools/bin/../lib/gcc/arm-none-eabi/12.3.1/thumb/v7e-m+fp/hard/crtend.o
LOAD /opt/st/stm32cubeide_1.15.1/plugins/com.st.stm32cube.ide.mcu.externaltools.gnu-tools-for-stm32.12.3.rel1.linux64_1.0.100.202403111256/tools/bin/../lib/gcc/arm-none-eabi/12.3.1/thumb/v7e-m+fp/hard/crtn.o
                0x20018000                        _estack = (ORIGIN (RAM) + LENGTH (RAM))
                0x00000200                        _Min_Heap_Size = 0x200
                0x00000400                        _Min_Stack_Size = 0x400

.isr_vector     0x08000000      0x194
                0x08000000                        . = ALIGN (0x4)
 *(.isr_vector)
 .isr_vector    0x08000000      0x194 ./Core/Startup/startup_stm32f401ceux.o
                0x08000000                g_pfnVectors
                0x08000194                        . = ALIGN (0x4)

.text           0x080001a0     0xb460
                0x080001a0                        . = ALIGN (0x4)
 *(.text)
 .text          0x080001a0       0x40 /opt/st/stm32cubeide_1.15.1/plugins/com.st.stm32cube.ide.mcu.externaltools.gnu-tools-for-stm32.12.3.rel1.linux64_1.0.100.202403111256/tools/bin/../lib/gcc/arm-none-eabi/12.3.1/thumb/v7e-m+fp/hard/crtbegin.o
 .text          0x080001e0       0x10 /opt/st/stm32cubeide_1.15.1/plugins/com.st.stm32cube.ide.mcu.externaltools.gnu-tools-for-stm32.12.3.rel1.linux64_1.0.100.202403111256/tools/bin/../lib/gcc/arm-none-eabi/12.3.1/../../../../arm-none-eabi/lib/thumb/v7e-m+fp/hard/libc_nano.a(libc_a-strlen.o)
                0x080001e0                strlen
 .text          0x080001f0       0xa0 /opt/st/stm32cubeide_1.15.1/plugins/com.st.stm32cube.ide.mcu.externaltools.gnu-tools-for-stm32.12.3.rel1.linux64_1.0.100.202403111256/tools/bin/../lib/gcc/arm-none-eabi/12.3.1/../../../../arm-none-eabi/lib/thumb/v7e-m+fp/hard/libc_nano.a(libc_a-memchr.o)
                0x080001f0                memchr
 .text          0x08000290       0x30 /opt/st/stm32cubeide_1.15.1/plugins/com.st.stm32cube.ide.mcu.externaltools.gnu-tools-for-stm32.12.3.rel1.linux64_1.0.100.202403111256/tools/bin/../lib/gcc/arm-none-eabi/12.3.1/thumb/v7e-m+fp/hard/libgcc.a(_aeabi_uldivmod.o)
                0x08000290                __aeabi_uldivmod
 .text          0x080002c0      0x2bc /opt/st/stm32cubeide_1.15.1/plugins/com.st.stm32cube.ide.mcu.externaltools.gnu-tools-for-stm32.12.3.rel1.linux64_1.0.100.202403111256/tools/bin/../lib/gcc/arm-none-eabi/12.3.1/thumb/v7e-m+fp/hard/libgcc.a(_udivmoddi4.o)
                0x080002c0                __udivmoddi4
 .text          0x0800057c        0x4 /opt/st/stm32cubeide_1.15.1/plugins/com.st.stm32cube.ide.mcu.externaltools.gnu-tools-for-stm32.12.3.rel1.linux64_1.0.100.202403111256/tools/bin/../lib/gcc/arm-none-eabi/12.3.1/thumb/v7e-m+fp/hard/libgcc.a(_dvmd_tls.o)
                0x0800057c                __aeabi_ldiv0
                0x0800057c                __aeabi_idiv0
 *(.text*)
 .text.MX_ADC1_Init
                0x08000580       0xa4 ./Core/Src/adc.o
                0x08000580                MX_ADC1_Init
 .text.HAL_ADC_MspInit
                0x08000624       0x88 ./Core/Src/adc.o
                0x08000624                HAL_ADC_MspInit
 .text.MX_GPIO_Init
                0x080006ac       0xdc ./Core/Src/gpio.o
                0x080006ac                MX_GPIO_Init
 .text.MX_I2C1_Init
                0x08000788       0x5c ./Core/Src/i2c.o
                0x08000788                MX_I2C1_Init
 .text.HAL_I2C_MspInit
                0x080007e4       0x90 ./Core/Src/i2c.o
                0x080007e4                HAL_I2C_MspInit
 .text.Joystick_Init
                0x08000874        0xe ./Core/Src/joystick.o
                0x08000874                Joystick_Init
 *fill*         0x08000882        0x2 
 .text.Joystick_ReadChannel
                0x08000884       0x6c ./Core/Src/joystick.o
                0x08000884                Joystick_ReadChannel
 .text.Joystick_Read
                0x080008f0       0x94 ./Core/Src/joystick.o
                0x080008f0                Joystick_Read
 .text.LoRa_CalculateChecksum
                0x08000984       0x40 ./Core/Src/lora.o
 .text.LoRa_SetMode
                0x080009c4       0x84 ./Core/Src/lora.o
 .text.LoRa_Init
                0x08000a48       0x74 ./Core/Src/lora.o
                0x08000a48                LoRa_Init
 .text.LoRa_Configure
                0x08000abc       0x90 ./Core/Src/lora.o
                0x08000abc                LoRa_Configure
 .text.LoRa_IsReady
                0x08000b4c       0x18 ./Core/Src/lora.o
                0x08000b4c                LoRa_IsReady
 .text.LoRa_SendBinary
                0x08000b64       0x88 ./Core/Src/lora.o
                0x08000b64                LoRa_SendBinary
 .text.main     0x08000bec      0x670 ./Core/Src/main.o
                0x08000bec                main
 .text.SystemClock_Config
                0x0800125c       0xd4 ./Core/Src/main.o
                0x0800125c                SystemClock_Config
 .text.Error_Handler
                0x08001330        0xc ./Core/Src/main.o
                0x08001330                Error_Handler
 .text.OLED_Init
                0x0800133c       0xc4 ./Core/Src/oled.o
                0x0800133c                OLED_Init
 .text.OLED_Clear
                0x08001400       0x2c ./Core/Src/oled.o
                0x08001400                OLED_Clear
 .text.OLED_Update
                0x0800142c       0x3c ./Core/Src/oled.o
                0x0800142c                OLED_Update
 .text.OLED_SetCursor
                0x08001468       0x30 ./Core/Src/oled.o
                0x08001468                OLED_SetCursor
 .text.OLED_WriteChar
                0x08001498      0x10c ./Core/Src/oled.o
                0x08001498                OLED_WriteChar
 .text.OLED_WriteString
                0x080015a4       0x32 ./Core/Src/oled.o
                0x080015a4                OLED_WriteString
 *fill*         0x080015d6        0x2 
 .text.OLED_DrawPixel
                0x080015d8       0xa8 ./Core/Src/oled.o
                0x080015d8                OLED_DrawPixel
 .text.OLED_DrawRect
                0x08001680       0xac ./Core/Src/oled.o
                0x08001680                OLED_DrawRect
 .text.OLED_FillRect
                0x0800172c       0x68 ./Core/Src/oled.o
                0x0800172c                OLED_FillRect
 .text.OLED_DrawBitmap
                0x08001794       0x28 ./Core/Src/oled.o
 .text.OLED_ShowSplashScreen
                0x080017bc       0x94 ./Core/Src/oled.o
                0x080017bc                OLED_ShowSplashScreen
 .text.OLED_ShowModeScreen
                0x08001850      0x6ac ./Core/Src/oled.o
                0x08001850                OLED_ShowModeScreen
 .text.OLED_WriteCommand
                0x08001efc       0x34 ./Core/Src/oled.o
 .text.OLED_WriteData
                0x08001f30       0x9c ./Core/Src/oled.o
 .text.HAL_MspInit
                0x08001fcc       0x50 ./Core/Src/stm32f4xx_hal_msp.o
                0x08001fcc                HAL_MspInit
 .text.NMI_Handler
                0x0800201c        0x8 ./Core/Src/stm32f4xx_it.o
                0x0800201c                NMI_Handler
 .text.HardFault_Handler
                0x08002024        0x8 ./Core/Src/stm32f4xx_it.o
                0x08002024                HardFault_Handler
 .text.MemManage_Handler
                0x0800202c        0x8 ./Core/Src/stm32f4xx_it.o
                0x0800202c                MemManage_Handler
 .text.BusFault_Handler
                0x08002034        0x8 ./Core/Src/stm32f4xx_it.o
                0x08002034                BusFault_Handler
 .text.UsageFault_Handler
                0x0800203c        0x8 ./Core/Src/stm32f4xx_it.o
                0x0800203c                UsageFault_Handler
 .text.SVC_Handler
                0x08002044        0xe ./Core/Src/stm32f4xx_it.o
                0x08002044                SVC_Handler
 .text.DebugMon_Handler
                0x08002052        0xe ./Core/Src/stm32f4xx_it.o
                0x08002052                DebugMon_Handler
 .text.PendSV_Handler
                0x08002060        0xe ./Core/Src/stm32f4xx_it.o
                0x08002060                PendSV_Handler
 .text.SysTick_Handler
                0x0800206e        0xc ./Core/Src/stm32f4xx_it.o
                0x0800206e                SysTick_Handler
 *fill*         0x0800207a        0x2 
 .text.USART1_IRQHandler
                0x0800207c       0x14 ./Core/Src/stm32f4xx_it.o
                0x0800207c                USART1_IRQHandler
 .text.OTG_FS_IRQHandler
                0x08002090       0x14 ./Core/Src/stm32f4xx_it.o
                0x08002090                OTG_FS_IRQHandler
 .text.Switch_Init
                0x080020a4        0xe ./Core/Src/switch.o
                0x080020a4                Switch_Init
 .text.Switch_ReadPin
                0x080020b2       0x2e ./Core/Src/switch.o
                0x080020b2                Switch_ReadPin
 .text.Switch_Read
                0x080020e0      0x14c ./Core/Src/switch.o
                0x080020e0                Switch_Read
 .text.SystemInit
                0x0800222c       0x24 ./Core/Src/system_stm32f4xx.o
                0x0800222c                SystemInit
 .text.MX_USART1_UART_Init
                0x08002250       0x54 ./Core/Src/usart.o
                0x08002250                MX_USART1_UART_Init
 .text.HAL_UART_MspInit
                0x080022a4       0xa0 ./Core/Src/usart.o
                0x080022a4                HAL_UART_MspInit
 .text.USB_Init
                0x08002344        0xe ./Core/Src/usb.o
                0x08002344                USB_Init
 .text.USB_Print
                0x08002352       0x2a ./Core/Src/usb.o
                0x08002352                USB_Print
 .text.USB_PrintData
                0x0800237c      0x130 ./Core/Src/usb.o
                0x0800237c                USB_PrintData
 .text.Var_Init
                0x080024ac       0x20 ./Core/Src/var.o
                0x080024ac                Var_Init
 .text.Var_Update
                0x080024cc       0x1c ./Core/Src/var.o
                0x080024cc                Var_Update
 .text.Var_GetBinaryData
                0x080024e8       0x14 ./Core/Src/var.o
                0x080024e8                Var_GetBinaryData
 .text.Var_GetDataSize
                0x080024fc       0x10 ./Core/Src/var.o
                0x080024fc                Var_GetDataSize
 .text.Reset_Handler
                0x0800250c       0x50 ./Core/Startup/startup_stm32f401ceux.o
                0x0800250c                Reset_Handler
 .text.Default_Handler
                0x0800255c        0x2 ./Core/Startup/startup_stm32f401ceux.o
                0x0800255c                RTC_Alarm_IRQHandler
                0x0800255c                EXTI2_IRQHandler
                0x0800255c                SPI4_IRQHandler
                0x0800255c                TIM1_CC_IRQHandler
                0x0800255c                DMA2_Stream5_IRQHandler
                0x0800255c                DMA1_Stream5_IRQHandler
                0x0800255c                PVD_IRQHandler
                0x0800255c                SDIO_IRQHandler
                0x0800255c                TAMP_STAMP_IRQHandler
                0x0800255c                EXTI3_IRQHandler
                0x0800255c                TIM1_UP_TIM10_IRQHandler
                0x0800255c                I2C3_ER_IRQHandler
                0x0800255c                EXTI0_IRQHandler
                0x0800255c                I2C2_EV_IRQHandler
                0x0800255c                DMA1_Stream2_IRQHandler
                0x0800255c                FPU_IRQHandler
                0x0800255c                DMA2_Stream2_IRQHandler
                0x0800255c                SPI1_IRQHandler
                0x0800255c                TIM1_BRK_TIM9_IRQHandler
                0x0800255c                DMA2_Stream3_IRQHandler
                0x0800255c                USART6_IRQHandler
                0x0800255c                DMA2_Stream0_IRQHandler
                0x0800255c                TIM4_IRQHandler
                0x0800255c                I2C1_EV_IRQHandler
                0x0800255c                DMA1_Stream6_IRQHandler
                0x0800255c                DMA1_Stream1_IRQHandler
                0x0800255c                TIM3_IRQHandler
                0x0800255c                RCC_IRQHandler
                0x0800255c                Default_Handler
                0x0800255c                EXTI15_10_IRQHandler
                0x0800255c                ADC_IRQHandler
                0x0800255c                DMA1_Stream7_IRQHandler
                0x0800255c                TIM5_IRQHandler
                0x0800255c                DMA2_Stream7_IRQHandler
                0x0800255c                I2C3_EV_IRQHandler
                0x0800255c                EXTI9_5_IRQHandler
                0x0800255c                RTC_WKUP_IRQHandler
                0x0800255c                SPI2_IRQHandler
                0x0800255c                DMA1_Stream0_IRQHandler
                0x0800255c                EXTI4_IRQHandler
                0x0800255c                WWDG_IRQHandler
                0x0800255c                TIM2_IRQHandler
                0x0800255c                OTG_FS_WKUP_IRQHandler
                0x0800255c                TIM1_TRG_COM_TIM11_IRQHandler
                0x0800255c                EXTI1_IRQHandler
                0x0800255c                USART2_IRQHandler
                0x0800255c                I2C2_ER_IRQHandler
                0x0800255c                DMA2_Stream1_IRQHandler
                0x0800255c                FLASH_IRQHandler
                0x0800255c                DMA2_Stream4_IRQHandler
                0x0800255c                SPI3_IRQHandler
                0x0800255c                DMA1_Stream4_IRQHandler
                0x0800255c                I2C1_ER_IRQHandler
                0x0800255c                DMA2_Stream6_IRQHandler
                0x0800255c                DMA1_Stream3_IRQHandler
 *fill*         0x0800255e        0x2 
 .text.HAL_Init
                0x08002560       0x44 ./Drivers/STM32F4xx_HAL_Driver/Src/stm32f4xx_hal.o
                0x08002560                HAL_Init
 .text.HAL_InitTick
                0x080025a4       0x60 ./Drivers/STM32F4xx_HAL_Driver/Src/stm32f4xx_hal.o
                0x080025a4                HAL_InitTick
 .text.HAL_IncTick
                0x08002604       0x28 ./Drivers/STM32F4xx_HAL_Driver/Src/stm32f4xx_hal.o
                0x08002604                HAL_IncTick
 .text.HAL_GetTick
                0x0800262c       0x18 ./Drivers/STM32F4xx_HAL_Driver/Src/stm32f4xx_hal.o
                0x0800262c                HAL_GetTick
 .text.HAL_Delay
                0x08002644       0x48 ./Drivers/STM32F4xx_HAL_Driver/Src/stm32f4xx_hal.o
                0x08002644                HAL_Delay
 .text.HAL_ADC_Init
                0x0800268c       0x86 ./Drivers/STM32F4xx_HAL_Driver/Src/stm32f4xx_hal_adc.o
                0x0800268c                HAL_ADC_Init
 *fill*         0x08002712        0x2 
 .text.HAL_ADC_Start
                0x08002714      0x168 ./Drivers/STM32F4xx_HAL_Driver/Src/stm32f4xx_hal_adc.o
                0x08002714                HAL_ADC_Start
 .text.HAL_ADC_Stop
                0x0800287c       0x66 ./Drivers/STM32F4xx_HAL_Driver/Src/stm32f4xx_hal_adc.o
                0x0800287c                HAL_ADC_Stop
 .text.HAL_ADC_PollForConversion
                0x080028e2      0x116 ./Drivers/STM32F4xx_HAL_Driver/Src/stm32f4xx_hal_adc.o
                0x080028e2                HAL_ADC_PollForConversion
 .text.HAL_ADC_GetValue
                0x080029f8       0x1a ./Drivers/STM32F4xx_HAL_Driver/Src/stm32f4xx_hal_adc.o
                0x080029f8                HAL_ADC_GetValue
 *fill*         0x08002a12        0x2 
 .text.HAL_ADC_ConfigChannel
                0x08002a14      0x244 ./Drivers/STM32F4xx_HAL_Driver/Src/stm32f4xx_hal_adc.o
                0x08002a14                HAL_ADC_ConfigChannel
 .text.ADC_Init
                0x08002c58      0x1f8 ./Drivers/STM32F4xx_HAL_Driver/Src/stm32f4xx_hal_adc.o
 .text.__NVIC_SetPriorityGrouping
                0x08002e50       0x48 ./Drivers/STM32F4xx_HAL_Driver/Src/stm32f4xx_hal_cortex.o
 .text.__NVIC_GetPriorityGrouping
                0x08002e98       0x1c ./Drivers/STM32F4xx_HAL_Driver/Src/stm32f4xx_hal_cortex.o
 .text.__NVIC_EnableIRQ
                0x08002eb4       0x3c ./Drivers/STM32F4xx_HAL_Driver/Src/stm32f4xx_hal_cortex.o
 .text.__NVIC_SetPriority
                0x08002ef0       0x54 ./Drivers/STM32F4xx_HAL_Driver/Src/stm32f4xx_hal_cortex.o
 .text.NVIC_EncodePriority
                0x08002f44       0x66 ./Drivers/STM32F4xx_HAL_Driver/Src/stm32f4xx_hal_cortex.o
 *fill*         0x08002faa        0x2 
 .text.SysTick_Config
                0x08002fac       0x44 ./Drivers/STM32F4xx_HAL_Driver/Src/stm32f4xx_hal_cortex.o
 .text.HAL_NVIC_SetPriorityGrouping
                0x08002ff0       0x16 ./Drivers/STM32F4xx_HAL_Driver/Src/stm32f4xx_hal_cortex.o
                0x08002ff0                HAL_NVIC_SetPriorityGrouping
 .text.HAL_NVIC_SetPriority
                0x08003006       0x38 ./Drivers/STM32F4xx_HAL_Driver/Src/stm32f4xx_hal_cortex.o
                0x08003006                HAL_NVIC_SetPriority
 .text.HAL_NVIC_EnableIRQ
                0x0800303e       0x1c ./Drivers/STM32F4xx_HAL_Driver/Src/stm32f4xx_hal_cortex.o
                0x0800303e                HAL_NVIC_EnableIRQ
 .text.HAL_SYSTICK_Config
                0x0800305a       0x18 ./Drivers/STM32F4xx_HAL_Driver/Src/stm32f4xx_hal_cortex.o
                0x0800305a                HAL_SYSTICK_Config
 .text.HAL_DMA_Abort
                0x08003072       0xe0 ./Drivers/STM32F4xx_HAL_Driver/Src/stm32f4xx_hal_dma.o
                0x08003072                HAL_DMA_Abort
 .text.HAL_DMA_Abort_IT
                0x08003152       0x44 ./Drivers/STM32F4xx_HAL_Driver/Src/stm32f4xx_hal_dma.o
                0x08003152                HAL_DMA_Abort_IT
 *fill*         0x08003196        0x2 
 .text.HAL_GPIO_Init
                0x08003198      0x308 ./Drivers/STM32F4xx_HAL_Driver/Src/stm32f4xx_hal_gpio.o
                0x08003198                HAL_GPIO_Init
 .text.HAL_GPIO_ReadPin
                0x080034a0       0x30 ./Drivers/STM32F4xx_HAL_Driver/Src/stm32f4xx_hal_gpio.o
                0x080034a0                HAL_GPIO_ReadPin
 .text.HAL_GPIO_WritePin
                0x080034d0       0x32 ./Drivers/STM32F4xx_HAL_Driver/Src/stm32f4xx_hal_gpio.o
                0x080034d0                HAL_GPIO_WritePin
 *fill*         0x08003502        0x2 
 .text.HAL_I2C_Init
                0x08003504      0x288 ./Drivers/STM32F4xx_HAL_Driver/Src/stm32f4xx_hal_i2c.o
                0x08003504                HAL_I2C_Init
 .text.HAL_I2C_Master_Transmit
                0x0800378c      0x1fc ./Drivers/STM32F4xx_HAL_Driver/Src/stm32f4xx_hal_i2c.o
                0x0800378c                HAL_I2C_Master_Transmit
 .text.I2C_MasterRequestWrite
                0x08003988      0x104 ./Drivers/STM32F4xx_HAL_Driver/Src/stm32f4xx_hal_i2c.o
 .text.I2C_WaitOnFlagUntilTimeout
                0x08003a8c       0xf4 ./Drivers/STM32F4xx_HAL_Driver/Src/stm32f4xx_hal_i2c.o
 .text.I2C_WaitOnMasterAddressFlagUntilTimeout
                0x08003b80      0x140 ./Drivers/STM32F4xx_HAL_Driver/Src/stm32f4xx_hal_i2c.o
 .text.I2C_WaitOnTXEFlagUntilTimeout
                0x08003cc0       0x90 ./Drivers/STM32F4xx_HAL_Driver/Src/stm32f4xx_hal_i2c.o
 .text.I2C_WaitOnBTFFlagUntilTimeout
                0x08003d50       0x90 ./Drivers/STM32F4xx_HAL_Driver/Src/stm32f4xx_hal_i2c.o
 .text.I2C_IsAcknowledgeFailed
                0x08003de0       0x5e ./Drivers/STM32F4xx_HAL_Driver/Src/stm32f4xx_hal_i2c.o
 .text.HAL_PCD_Init
                0x08003e3e      0x21e ./Drivers/STM32F4xx_HAL_Driver/Src/stm32f4xx_hal_pcd.o
                0x08003e3e                HAL_PCD_Init
 .text.HAL_PCD_Start
                0x0800405c       0x6a ./Drivers/STM32F4xx_HAL_Driver/Src/stm32f4xx_hal_pcd.o
                0x0800405c                HAL_PCD_Start
 .text.HAL_PCD_IRQHandler
                0x080040c6      0x942 ./Drivers/STM32F4xx_HAL_Driver/Src/stm32f4xx_hal_pcd.o
                0x080040c6                HAL_PCD_IRQHandler
 .text.HAL_PCD_SetAddress
                0x08004a08       0x48 ./Drivers/STM32F4xx_HAL_Driver/Src/stm32f4xx_hal_pcd.o
                0x08004a08                HAL_PCD_SetAddress
 .text.HAL_PCD_EP_Open
                0x08004a50       0xd4 ./Drivers/STM32F4xx_HAL_Driver/Src/stm32f4xx_hal_pcd.o
                0x08004a50                HAL_PCD_EP_Open
 .text.HAL_PCD_EP_Close
                0x08004b24       0x94 ./Drivers/STM32F4xx_HAL_Driver/Src/stm32f4xx_hal_pcd.o
                0x08004b24                HAL_PCD_EP_Close
 .text.HAL_PCD_EP_Receive
                0x08004bb8       0x76 ./Drivers/STM32F4xx_HAL_Driver/Src/stm32f4xx_hal_pcd.o
                0x08004bb8                HAL_PCD_EP_Receive
 .text.HAL_PCD_EP_GetRxCount
                0x08004c2e       0x30 ./Drivers/STM32F4xx_HAL_Driver/Src/stm32f4xx_hal_pcd.o
                0x08004c2e                HAL_PCD_EP_GetRxCount
 .text.HAL_PCD_EP_Transmit
                0x08004c5e       0x74 ./Drivers/STM32F4xx_HAL_Driver/Src/stm32f4xx_hal_pcd.o
                0x08004c5e                HAL_PCD_EP_Transmit
 .text.HAL_PCD_EP_SetStall
                0x08004cd2       0xc6 ./Drivers/STM32F4xx_HAL_Driver/Src/stm32f4xx_hal_pcd.o
                0x08004cd2                HAL_PCD_EP_SetStall
 .text.HAL_PCD_EP_ClrStall
                0x08004d98       0xac ./Drivers/STM32F4xx_HAL_Driver/Src/stm32f4xx_hal_pcd.o
                0x08004d98                HAL_PCD_EP_ClrStall
 .text.HAL_PCD_EP_Abort
                0x08004e44       0x62 ./Drivers/STM32F4xx_HAL_Driver/Src/stm32f4xx_hal_pcd.o
                0x08004e44                HAL_PCD_EP_Abort
 .text.PCD_WriteEmptyTxFifo
                0x08004ea6      0x118 ./Drivers/STM32F4xx_HAL_Driver/Src/stm32f4xx_hal_pcd.o
 *fill*         0x08004fbe        0x2 
 .text.PCD_EP_OutXfrComplete_int
                0x08004fc0      0x1d0 ./Drivers/STM32F4xx_HAL_Driver/Src/stm32f4xx_hal_pcd.o
 .text.PCD_EP_OutSetupPacket_int
                0x08005190       0x8c ./Drivers/STM32F4xx_HAL_Driver/Src/stm32f4xx_hal_pcd.o
 .text.HAL_PCDEx_SetTxFiFo
                0x0800521c       0x8e ./Drivers/STM32F4xx_HAL_Driver/Src/stm32f4xx_hal_pcd_ex.o
                0x0800521c                HAL_PCDEx_SetTxFiFo
 .text.HAL_PCDEx_SetRxFiFo
                0x080052aa       0x22 ./Drivers/STM32F4xx_HAL_Driver/Src/stm32f4xx_hal_pcd_ex.o
                0x080052aa                HAL_PCDEx_SetRxFiFo
 .text.HAL_PCDEx_LPM_Callback
                0x080052cc       0x18 ./Drivers/STM32F4xx_HAL_Driver/Src/stm32f4xx_hal_pcd_ex.o
                0x080052cc                HAL_PCDEx_LPM_Callback
 .text.HAL_RCC_OscConfig
                0x080052e4      0x4f0 ./Drivers/STM32F4xx_HAL_Driver/Src/stm32f4xx_hal_rcc.o
                0x080052e4                HAL_RCC_OscConfig
 .text.HAL_RCC_ClockConfig
                0x080057d4      0x1cc ./Drivers/STM32F4xx_HAL_Driver/Src/stm32f4xx_hal_rcc.o
                0x080057d4                HAL_RCC_ClockConfig
 .text.HAL_RCC_GetSysClockFreq
                0x080059a0      0x18c ./Drivers/STM32F4xx_HAL_Driver/Src/stm32f4xx_hal_rcc.o
                0x080059a0                HAL_RCC_GetSysClockFreq
 .text.HAL_RCC_GetHCLKFreq
                0x08005b2c       0x18 ./Drivers/STM32F4xx_HAL_Driver/Src/stm32f4xx_hal_rcc.o
                0x08005b2c                HAL_RCC_GetHCLKFreq
 .text.HAL_RCC_GetPCLK1Freq
                0x08005b44       0x28 ./Drivers/STM32F4xx_HAL_Driver/Src/stm32f4xx_hal_rcc.o
                0x08005b44                HAL_RCC_GetPCLK1Freq
 .text.HAL_RCC_GetPCLK2Freq
                0x08005b6c       0x28 ./Drivers/STM32F4xx_HAL_Driver/Src/stm32f4xx_hal_rcc.o
                0x08005b6c                HAL_RCC_GetPCLK2Freq
 .text.HAL_UART_Init
                0x08005b94       0xa0 ./Drivers/STM32F4xx_HAL_Driver/Src/stm32f4xx_hal_uart.o
                0x08005b94                HAL_UART_Init
 .text.HAL_UART_Transmit
                0x08005c34      0x116 ./Drivers/STM32F4xx_HAL_Driver/Src/stm32f4xx_hal_uart.o
                0x08005c34                HAL_UART_Transmit
 *fill*         0x08005d4a        0x2 
 .text.HAL_UART_IRQHandler
                0x08005d4c      0x554 ./Drivers/STM32F4xx_HAL_Driver/Src/stm32f4xx_hal_uart.o
                0x08005d4c                HAL_UART_IRQHandler
 .text.HAL_UART_TxCpltCallback
                0x080062a0       0x14 ./Drivers/STM32F4xx_HAL_Driver/Src/stm32f4xx_hal_uart.o
                0x080062a0                HAL_UART_TxCpltCallback
 .text.HAL_UART_RxCpltCallback
                0x080062b4       0x14 ./Drivers/STM32F4xx_HAL_Driver/Src/stm32f4xx_hal_uart.o
                0x080062b4                HAL_UART_RxCpltCallback
 .text.HAL_UART_ErrorCallback
                0x080062c8       0x14 ./Drivers/STM32F4xx_HAL_Driver/Src/stm32f4xx_hal_uart.o
                0x080062c8                HAL_UART_ErrorCallback
 .text.HAL_UARTEx_RxEventCallback
                0x080062dc       0x18 ./Drivers/STM32F4xx_HAL_Driver/Src/stm32f4xx_hal_uart.o
                0x080062dc                HAL_UARTEx_RxEventCallback
 .text.UART_WaitOnFlagUntilTimeout
                0x080062f4       0xb2 ./Drivers/STM32F4xx_HAL_Driver/Src/stm32f4xx_hal_uart.o
 .text.UART_EndRxTransfer
                0x080063a6       0xc6 ./Drivers/STM32F4xx_HAL_Driver/Src/stm32f4xx_hal_uart.o
 .text.UART_DMAAbortOnError
                0x0800646c       0x22 ./Drivers/STM32F4xx_HAL_Driver/Src/stm32f4xx_hal_uart.o
 .text.UART_Transmit_IT
                0x0800648e       0xa0 ./Drivers/STM32F4xx_HAL_Driver/Src/stm32f4xx_hal_uart.o
 .text.UART_EndTransmit_IT
                0x0800652e       0x30 ./Drivers/STM32F4xx_HAL_Driver/Src/stm32f4xx_hal_uart.o
 .text.UART_Receive_IT
                0x0800655e      0x17c ./Drivers/STM32F4xx_HAL_Driver/Src/stm32f4xx_hal_uart.o
 *fill*         0x080066da        0x2 
 .text.UART_SetConfig
                0x080066dc      0x4e8 ./Drivers/STM32F4xx_HAL_Driver/Src/stm32f4xx_hal_uart.o
 .text.USB_CoreInit
                0x08006bc4       0xc8 ./Drivers/STM32F4xx_HAL_Driver/Src/stm32f4xx_ll_usb.o
                0x08006bc4                USB_CoreInit
 .text.USB_SetTurnaroundTime
                0x08006c8c      0x144 ./Drivers/STM32F4xx_HAL_Driver/Src/stm32f4xx_ll_usb.o
                0x08006c8c                USB_SetTurnaroundTime
 .text.USB_EnableGlobalInt
                0x08006dd0       0x22 ./Drivers/STM32F4xx_HAL_Driver/Src/stm32f4xx_ll_usb.o
                0x08006dd0                USB_EnableGlobalInt
 .text.USB_DisableGlobalInt
                0x08006df2       0x22 ./Drivers/STM32F4xx_HAL_Driver/Src/stm32f4xx_ll_usb.o
                0x08006df2                USB_DisableGlobalInt
 .text.USB_SetCurrentMode
                0x08006e14       0x98 ./Drivers/STM32F4xx_HAL_Driver/Src/stm32f4xx_ll_usb.o
                0x08006e14                USB_SetCurrentMode
 .text.USB_DevInit
                0x08006eac      0x2c8 ./Drivers/STM32F4xx_HAL_Driver/Src/stm32f4xx_ll_usb.o
                0x08006eac                USB_DevInit
 .text.USB_FlushTxFifo
                0x08007174       0x64 ./Drivers/STM32F4xx_HAL_Driver/Src/stm32f4xx_ll_usb.o
                0x08007174                USB_FlushTxFifo
 .text.USB_FlushRxFifo
                0x080071d8       0x5c ./Drivers/STM32F4xx_HAL_Driver/Src/stm32f4xx_ll_usb.o
                0x080071d8                USB_FlushRxFifo
 .text.USB_SetDevSpeed
                0x08007234       0x32 ./Drivers/STM32F4xx_HAL_Driver/Src/stm32f4xx_ll_usb.o
                0x08007234                USB_SetDevSpeed
 .text.USB_GetDevSpeed
                0x08007266       0x4a ./Drivers/STM32F4xx_HAL_Driver/Src/stm32f4xx_ll_usb.o
                0x08007266                USB_GetDevSpeed
 .text.USB_ActivateEndpoint
                0x080072b0      0x10e ./Drivers/STM32F4xx_HAL_Driver/Src/stm32f4xx_ll_usb.o
                0x080072b0                USB_ActivateEndpoint
 *fill*         0x080073be        0x2 
 .text.USB_DeactivateEndpoint
                0x080073c0      0x1b8 ./Drivers/STM32F4xx_HAL_Driver/Src/stm32f4xx_ll_usb.o
                0x080073c0                USB_DeactivateEndpoint
 .text.USB_EPStartXfer
                0x08007578      0x53c ./Drivers/STM32F4xx_HAL_Driver/Src/stm32f4xx_ll_usb.o
                0x08007578                USB_EPStartXfer
 .text.USB_EPStopXfer
                0x08007ab4      0x154 ./Drivers/STM32F4xx_HAL_Driver/Src/stm32f4xx_ll_usb.o
                0x08007ab4                USB_EPStopXfer
 .text.USB_WritePacket
                0x08007c08       0x7c ./Drivers/STM32F4xx_HAL_Driver/Src/stm32f4xx_ll_usb.o
                0x08007c08                USB_WritePacket
 .text.USB_ReadPacket
                0x08007c84       0xb0 ./Drivers/STM32F4xx_HAL_Driver/Src/stm32f4xx_ll_usb.o
                0x08007c84                USB_ReadPacket
 .text.USB_EPSetStall
                0x08007d34       0xdc ./Drivers/STM32F4xx_HAL_Driver/Src/stm32f4xx_ll_usb.o
                0x08007d34                USB_EPSetStall
 .text.USB_EPClearStall
                0x08007e10       0xcc ./Drivers/STM32F4xx_HAL_Driver/Src/stm32f4xx_ll_usb.o
                0x08007e10                USB_EPClearStall
 .text.USB_SetDevAddress
                0x08007edc       0x4c ./Drivers/STM32F4xx_HAL_Driver/Src/stm32f4xx_ll_usb.o
                0x08007edc                USB_SetDevAddress
 .text.USB_DevConnect
                0x08007f28       0x42 ./Drivers/STM32F4xx_HAL_Driver/Src/stm32f4xx_ll_usb.o
                0x08007f28                USB_DevConnect
 .text.USB_DevDisconnect
                0x08007f6a       0x42 ./Drivers/STM32F4xx_HAL_Driver/Src/stm32f4xx_ll_usb.o
                0x08007f6a                USB_DevDisconnect
 .text.USB_ReadInterrupts
                0x08007fac       0x26 ./Drivers/STM32F4xx_HAL_Driver/Src/stm32f4xx_ll_usb.o
                0x08007fac                USB_ReadInterrupts
 .text.USB_ReadDevAllOutEpInterrupt
                0x08007fd2       0x34 ./Drivers/STM32F4xx_HAL_Driver/Src/stm32f4xx_ll_usb.o
                0x08007fd2                USB_ReadDevAllOutEpInterrupt
 .text.USB_ReadDevAllInEpInterrupt
                0x08008006       0x34 ./Drivers/STM32F4xx_HAL_Driver/Src/stm32f4xx_ll_usb.o
                0x08008006                USB_ReadDevAllInEpInterrupt
 .text.USB_ReadDevOutEPInterrupt
                0x0800803a       0x3c ./Drivers/STM32F4xx_HAL_Driver/Src/stm32f4xx_ll_usb.o
                0x0800803a                USB_ReadDevOutEPInterrupt
 .text.USB_ReadDevInEPInterrupt
                0x08008076       0x5c ./Drivers/STM32F4xx_HAL_Driver/Src/stm32f4xx_ll_usb.o
                0x08008076                USB_ReadDevInEPInterrupt
 .text.USB_GetMode
                0x080080d2       0x1c ./Drivers/STM32F4xx_HAL_Driver/Src/stm32f4xx_ll_usb.o
                0x080080d2                USB_GetMode
 .text.USB_ActivateSetup
                0x080080ee       0x46 ./Drivers/STM32F4xx_HAL_Driver/Src/stm32f4xx_ll_usb.o
                0x080080ee                USB_ActivateSetup
 .text.USB_EP0_OutStart
                0x08008134       0xbc ./Drivers/STM32F4xx_HAL_Driver/Src/stm32f4xx_ll_usb.o
                0x08008134                USB_EP0_OutStart
 .text.USB_CoreReset
                0x080081f0       0x70 ./Drivers/STM32F4xx_HAL_Driver/Src/stm32f4xx_ll_usb.o
 .text.USBD_CDC_Init
                0x08008260      0x1f0 ./Middlewares/ST/STM32_USB_Device_Library/Class/CDC/Src/usbd_cdc.o
 .text.USBD_CDC_DeInit
                0x08008450      0x104 ./Middlewares/ST/STM32_USB_Device_Library/Class/CDC/Src/usbd_cdc.o
 .text.USBD_CDC_Setup
                0x08008554      0x1b8 ./Middlewares/ST/STM32_USB_Device_Library/Class/CDC/Src/usbd_cdc.o
 .text.USBD_CDC_DataIn
                0x0800870c       0xfe ./Middlewares/ST/STM32_USB_Device_Library/Class/CDC/Src/usbd_cdc.o
 .text.USBD_CDC_DataOut
                0x0800880a       0x70 ./Middlewares/ST/STM32_USB_Device_Library/Class/CDC/Src/usbd_cdc.o
 .text.USBD_CDC_EP0_RxReady
                0x0800887a       0x74 ./Middlewares/ST/STM32_USB_Device_Library/Class/CDC/Src/usbd_cdc.o
 *fill*         0x080088ee        0x2 
 .text.USBD_CDC_GetFSCfgDesc
                0x080088f0       0x70 ./Middlewares/ST/STM32_USB_Device_Library/Class/CDC/Src/usbd_cdc.o
 .text.USBD_CDC_GetHSCfgDesc
                0x08008960       0x70 ./Middlewares/ST/STM32_USB_Device_Library/Class/CDC/Src/usbd_cdc.o
 .text.USBD_CDC_GetOtherSpeedCfgDesc
                0x080089d0       0x70 ./Middlewares/ST/STM32_USB_Device_Library/Class/CDC/Src/usbd_cdc.o
 .text.USBD_CDC_GetDeviceQualifierDescriptor
                0x08008a40       0x20 ./Middlewares/ST/STM32_USB_Device_Library/Class/CDC/Src/usbd_cdc.o
                0x08008a40                USBD_CDC_GetDeviceQualifierDescriptor
 .text.USBD_CDC_RegisterInterface
                0x08008a60       0x34 ./Middlewares/ST/STM32_USB_Device_Library/Class/CDC/Src/usbd_cdc.o
                0x08008a60                USBD_CDC_RegisterInterface
 .text.USBD_CDC_SetTxBuffer
                0x08008a94       0x44 ./Middlewares/ST/STM32_USB_Device_Library/Class/CDC/Src/usbd_cdc.o
                0x08008a94                USBD_CDC_SetTxBuffer
 .text.USBD_CDC_SetRxBuffer
                0x08008ad8       0x3a ./Middlewares/ST/STM32_USB_Device_Library/Class/CDC/Src/usbd_cdc.o
                0x08008ad8                USBD_CDC_SetRxBuffer
 *fill*         0x08008b12        0x2 
 .text.USBD_CDC_TransmitPacket
                0x08008b14       0x80 ./Middlewares/ST/STM32_USB_Device_Library/Class/CDC/Src/usbd_cdc.o
                0x08008b14                USBD_CDC_TransmitPacket
 .text.USBD_CDC_ReceivePacket
                0x08008b94       0x6c ./Middlewares/ST/STM32_USB_Device_Library/Class/CDC/Src/usbd_cdc.o
                0x08008b94                USBD_CDC_ReceivePacket
 .text.USBD_Init
                0x08008c00       0x60 ./Middlewares/ST/STM32_USB_Device_Library/Core/Src/usbd_core.o
                0x08008c00                USBD_Init
 .text.USBD_RegisterClass
                0x08008c60       0x6c ./Middlewares/ST/STM32_USB_Device_Library/Core/Src/usbd_core.o
                0x08008c60                USBD_RegisterClass
 .text.USBD_Start
                0x08008ccc       0x18 ./Middlewares/ST/STM32_USB_Device_Library/Core/Src/usbd_core.o
                0x08008ccc                USBD_Start
 .text.USBD_RunTestMode
                0x08008ce4       0x16 ./Middlewares/ST/STM32_USB_Device_Library/Core/Src/usbd_core.o
                0x08008ce4                USBD_RunTestMode
 .text.USBD_SetClassConfig
                0x08008cfa       0x38 ./Middlewares/ST/STM32_USB_Device_Library/Core/Src/usbd_core.o
                0x08008cfa                USBD_SetClassConfig
 .text.USBD_ClrClassConfig
                0x08008d32       0x34 ./Middlewares/ST/STM32_USB_Device_Library/Core/Src/usbd_core.o
                0x08008d32                USBD_ClrClassConfig
 .text.USBD_LL_SetupStage
                0x08008d66       0xaa ./Middlewares/ST/STM32_USB_Device_Library/Core/Src/usbd_core.o
                0x08008d66                USBD_LL_SetupStage
 .text.USBD_LL_DataOutStage
                0x08008e10      0x178 ./Middlewares/ST/STM32_USB_Device_Library/Core/Src/usbd_core.o
                0x08008e10                USBD_LL_DataOutStage
 .text.USBD_LL_DataInStage
                0x08008f88      0x176 ./Middlewares/ST/STM32_USB_Device_Library/Core/Src/usbd_core.o
                0x08008f88                USBD_LL_DataInStage
 .text.USBD_LL_Reset
                0x080090fe       0xa6 ./Middlewares/ST/STM32_USB_Device_Library/Core/Src/usbd_core.o
                0x080090fe                USBD_LL_Reset
 .text.USBD_LL_SetSpeed
                0x080091a4       0x20 ./Middlewares/ST/STM32_USB_Device_Library/Core/Src/usbd_core.o
                0x080091a4                USBD_LL_SetSpeed
 .text.USBD_LL_Suspend
                0x080091c4       0x38 ./Middlewares/ST/STM32_USB_Device_Library/Core/Src/usbd_core.o
                0x080091c4                USBD_LL_Suspend
 .text.USBD_LL_Resume
                0x080091fc       0x30 ./Middlewares/ST/STM32_USB_Device_Library/Core/Src/usbd_core.o
                0x080091fc                USBD_LL_Resume
 .text.USBD_LL_SOF
                0x0800922c       0x40 ./Middlewares/ST/STM32_USB_Device_Library/Core/Src/usbd_core.o
                0x0800922c                USBD_LL_SOF
 .text.USBD_LL_IsoINIncomplete
                0x0800926c       0x64 ./Middlewares/ST/STM32_USB_Device_Library/Core/Src/usbd_core.o
                0x0800926c                USBD_LL_IsoINIncomplete
 .text.USBD_LL_IsoOUTIncomplete
                0x080092d0       0x64 ./Middlewares/ST/STM32_USB_Device_Library/Core/Src/usbd_core.o
                0x080092d0                USBD_LL_IsoOUTIncomplete
 .text.USBD_LL_DevConnected
                0x08009334       0x16 ./Middlewares/ST/STM32_USB_Device_Library/Core/Src/usbd_core.o
                0x08009334                USBD_LL_DevConnected
 .text.USBD_LL_DevDisconnected
                0x0800934a       0x46 ./Middlewares/ST/STM32_USB_Device_Library/Core/Src/usbd_core.o
                0x0800934a                USBD_LL_DevDisconnected
 .text.USBD_CoreFindIF
                0x08009390       0x1a ./Middlewares/ST/STM32_USB_Device_Library/Core/Src/usbd_core.o
                0x08009390                USBD_CoreFindIF
 .text.USBD_CoreFindEP
                0x080093aa       0x1a ./Middlewares/ST/STM32_USB_Device_Library/Core/Src/usbd_core.o
                0x080093aa                USBD_CoreFindEP
 .text.USBD_GetEpDesc
                0x080093c4       0x70 ./Middlewares/ST/STM32_USB_Device_Library/Core/Src/usbd_core.o
                0x080093c4                USBD_GetEpDesc
 .text.USBD_GetNextDesc
                0x08009434       0x38 ./Middlewares/ST/STM32_USB_Device_Library/Core/Src/usbd_core.o
                0x08009434                USBD_GetNextDesc
 .text.SWAPBYTE
                0x0800946c       0x3c ./Middlewares/ST/STM32_USB_Device_Library/Core/Src/usbd_ctlreq.o
 .text.USBD_StdDevReq
                0x080094a8       0xe4 ./Middlewares/ST/STM32_USB_Device_Library/Core/Src/usbd_ctlreq.o
                0x080094a8                USBD_StdDevReq
 .text.USBD_StdItfReq
                0x0800958c       0xd8 ./Middlewares/ST/STM32_USB_Device_Library/Core/Src/usbd_ctlreq.o
                0x0800958c                USBD_StdItfReq
 .text.USBD_StdEPReq
                0x08009664      0x33e ./Middlewares/ST/STM32_USB_Device_Library/Core/Src/usbd_ctlreq.o
                0x08009664                USBD_StdEPReq
 *fill*         0x080099a2        0x2 
 .text.USBD_GetDescriptor
                0x080099a4      0x2d4 ./Middlewares/ST/STM32_USB_Device_Library/Core/Src/usbd_ctlreq.o
 .text.USBD_SetAddress
                0x08009c78       0x88 ./Middlewares/ST/STM32_USB_Device_Library/Core/Src/usbd_ctlreq.o
 .text.USBD_SetConfig
                0x08009d00      0x154 ./Middlewares/ST/STM32_USB_Device_Library/Core/Src/usbd_ctlreq.o
 .text.USBD_GetConfig
                0x08009e54       0x6c ./Middlewares/ST/STM32_USB_Device_Library/Core/Src/usbd_ctlreq.o
 .text.USBD_GetStatus
                0x08009ec0       0x68 ./Middlewares/ST/STM32_USB_Device_Library/Core/Src/usbd_ctlreq.o
 .text.USBD_SetFeature
                0x08009f28       0x52 ./Middlewares/ST/STM32_USB_Device_Library/Core/Src/usbd_ctlreq.o
 .text.USBD_ClrFeature
                0x08009f7a       0x44 ./Middlewares/ST/STM32_USB_Device_Library/Core/Src/usbd_ctlreq.o
 .text.USBD_ParseSetupRequest
                0x08009fbe       0x74 ./Middlewares/ST/STM32_USB_Device_Library/Core/Src/usbd_ctlreq.o
                0x08009fbe                USBD_ParseSetupRequest
 .text.USBD_CtlError
                0x0800a032       0x22 ./Middlewares/ST/STM32_USB_Device_Library/Core/Src/usbd_ctlreq.o
                0x0800a032                USBD_CtlError
 .text.USBD_GetString
                0x0800a054       0xa4 ./Middlewares/ST/STM32_USB_Device_Library/Core/Src/usbd_ctlreq.o
                0x0800a054                USBD_GetString
 .text.USBD_GetLen
                0x0800a0f8       0x34 ./Middlewares/ST/STM32_USB_Device_Library/Core/Src/usbd_ctlreq.o
 .text.USBD_CtlSendData
                0x0800a12c       0x3c ./Middlewares/ST/STM32_USB_Device_Library/Core/Src/usbd_ioreq.o
                0x0800a12c                USBD_CtlSendData
 .text.USBD_CtlContinueSendData
                0x0800a168       0x22 ./Middlewares/ST/STM32_USB_Device_Library/Core/Src/usbd_ioreq.o
                0x0800a168                USBD_CtlContinueSendData
 .text.USBD_CtlPrepareRx
                0x0800a18a       0x42 ./Middlewares/ST/STM32_USB_Device_Library/Core/Src/usbd_ioreq.o
                0x0800a18a                USBD_CtlPrepareRx
 .text.USBD_CtlContinueRx
                0x0800a1cc       0x22 ./Middlewares/ST/STM32_USB_Device_Library/Core/Src/usbd_ioreq.o
                0x0800a1cc                USBD_CtlContinueRx
 .text.USBD_CtlSendStatus
                0x0800a1ee       0x26 ./Middlewares/ST/STM32_USB_Device_Library/Core/Src/usbd_ioreq.o
                0x0800a1ee                USBD_CtlSendStatus
 .text.USBD_CtlReceiveStatus
                0x0800a214       0x26 ./Middlewares/ST/STM32_USB_Device_Library/Core/Src/usbd_ioreq.o
                0x0800a214                USBD_CtlReceiveStatus
 *fill*         0x0800a23a        0x2 
 .text.MX_USB_DEVICE_Init
                0x0800a23c       0x60 ./USB_DEVICE/App/usb_device.o
                0x0800a23c                MX_USB_DEVICE_Init
 .text.CDC_Init_FS
                0x0800a29c       0x28 ./USB_DEVICE/App/usbd_cdc_if.o
 .text.CDC_DeInit_FS
                0x0800a2c4       0x10 ./USB_DEVICE/App/usbd_cdc_if.o
 .text.CDC_Control_FS
                0x0800a2d4       0xbc ./USB_DEVICE/App/usbd_cdc_if.o
 .text.CDC_Receive_FS
                0x0800a390       0x28 ./USB_DEVICE/App/usbd_cdc_if.o
 .text.CDC_Transmit_FS
                0x0800a3b8       0x4c ./USB_DEVICE/App/usbd_cdc_if.o
                0x0800a3b8                CDC_Transmit_FS
 .text.CDC_TransmitCplt_FS
                0x0800a404       0x22 ./USB_DEVICE/App/usbd_cdc_if.o
 *fill*         0x0800a426        0x2 
 .text.USBD_FS_DeviceDescriptor
                0x0800a428       0x24 ./USB_DEVICE/App/usbd_desc.o
                0x0800a428                USBD_FS_DeviceDescriptor
 .text.USBD_FS_LangIDStrDescriptor
                0x0800a44c       0x24 ./USB_DEVICE/App/usbd_desc.o
                0x0800a44c                USBD_FS_LangIDStrDescriptor
 .text.USBD_FS_ProductStrDescriptor
                0x0800a470       0x3c ./USB_DEVICE/App/usbd_desc.o
                0x0800a470                USBD_FS_ProductStrDescriptor
 .text.USBD_FS_ManufacturerStrDescriptor
                0x0800a4ac       0x28 ./USB_DEVICE/App/usbd_desc.o
                0x0800a4ac                USBD_FS_ManufacturerStrDescriptor
 .text.USBD_FS_SerialStrDescriptor
                0x0800a4d4       0x24 ./USB_DEVICE/App/usbd_desc.o
                0x0800a4d4                USBD_FS_SerialStrDescriptor
 .text.USBD_FS_ConfigStrDescriptor
                0x0800a4f8       0x3c ./USB_DEVICE/App/usbd_desc.o
                0x0800a4f8                USBD_FS_ConfigStrDescriptor
 .text.USBD_FS_InterfaceStrDescriptor
                0x0800a534       0x3c ./USB_DEVICE/App/usbd_desc.o
                0x0800a534                USBD_FS_InterfaceStrDescriptor
 .text.Get_SerialNum
                0x0800a570       0x58 ./USB_DEVICE/App/usbd_desc.o
 .text.IntToUnicode
                0x0800a5c8       0x7e ./USB_DEVICE/App/usbd_desc.o
 *fill*         0x0800a646        0x2 
 .text.HAL_PCD_MspInit
                0x0800a648       0xa8 ./USB_DEVICE/Target/usbd_conf.o
                0x0800a648                HAL_PCD_MspInit
 .text.HAL_PCD_SetupStageCallback
                0x0800a6f0       0x24 ./USB_DEVICE/Target/usbd_conf.o
                0x0800a6f0                HAL_PCD_SetupStageCallback
 .text.HAL_PCD_DataOutStageCallback
                0x0800a714       0x36 ./USB_DEVICE/Target/usbd_conf.o
                0x0800a714                HAL_PCD_DataOutStageCallback
 .text.HAL_PCD_DataInStageCallback
                0x0800a74a       0x34 ./USB_DEVICE/Target/usbd_conf.o
                0x0800a74a                HAL_PCD_DataInStageCallback
 .text.HAL_PCD_SOFCallback
                0x0800a77e       0x1c ./USB_DEVICE/Target/usbd_conf.o
                0x0800a77e                HAL_PCD_SOFCallback
 .text.HAL_PCD_ResetCallback
                0x0800a79a       0x50 ./USB_DEVICE/Target/usbd_conf.o
                0x0800a79a                HAL_PCD_ResetCallback
 *fill*         0x0800a7ea        0x2 
 .text.HAL_PCD_SuspendCallback
                0x0800a7ec       0x4c ./USB_DEVICE/Target/usbd_conf.o
                0x0800a7ec                HAL_PCD_SuspendCallback
 .text.HAL_PCD_ResumeCallback
                0x0800a838       0x1c ./USB_DEVICE/Target/usbd_conf.o
                0x0800a838                HAL_PCD_ResumeCallback
 .text.HAL_PCD_ISOOUTIncompleteCallback
                0x0800a854       0x24 ./USB_DEVICE/Target/usbd_conf.o
                0x0800a854                HAL_PCD_ISOOUTIncompleteCallback
 .text.HAL_PCD_ISOINIncompleteCallback
                0x0800a878       0x24 ./USB_DEVICE/Target/usbd_conf.o
                0x0800a878                HAL_PCD_ISOINIncompleteCallback
 .text.HAL_PCD_ConnectCallback
                0x0800a89c       0x1c ./USB_DEVICE/Target/usbd_conf.o
                0x0800a89c                HAL_PCD_ConnectCallback
 .text.HAL_PCD_DisconnectCallback
                0x0800a8b8       0x1c ./USB_DEVICE/Target/usbd_conf.o
                0x0800a8b8                HAL_PCD_DisconnectCallback
 .text.USBD_LL_Init
                0x0800a8d4       0x98 ./USB_DEVICE/Target/usbd_conf.o
                0x0800a8d4                USBD_LL_Init
 .text.USBD_LL_Start
                0x0800a96c       0x36 ./USB_DEVICE/Target/usbd_conf.o
                0x0800a96c                USBD_LL_Start
 .text.USBD_LL_OpenEP
                0x0800a9a2       0x4c ./USB_DEVICE/Target/usbd_conf.o
                0x0800a9a2                USBD_LL_OpenEP
 .text.USBD_LL_CloseEP
                0x0800a9ee       0x3e ./USB_DEVICE/Target/usbd_conf.o
                0x0800a9ee                USBD_LL_CloseEP
 .text.USBD_LL_StallEP
                0x0800aa2c       0x3e ./USB_DEVICE/Target/usbd_conf.o
                0x0800aa2c                USBD_LL_StallEP
 .text.USBD_LL_ClearStallEP
                0x0800aa6a       0x3e ./USB_DEVICE/Target/usbd_conf.o
                0x0800aa6a                USBD_LL_ClearStallEP
 .text.USBD_LL_IsStallEP
                0x0800aaa8       0x58 ./USB_DEVICE/Target/usbd_conf.o
                0x0800aaa8                USBD_LL_IsStallEP
 .text.USBD_LL_SetUSBAddress
                0x0800ab00       0x3e ./USB_DEVICE/Target/usbd_conf.o
                0x0800ab00                USBD_LL_SetUSBAddress
 .text.USBD_LL_Transmit
                0x0800ab3e       0x42 ./USB_DEVICE/Target/usbd_conf.o
                0x0800ab3e                USBD_LL_Transmit
 .text.USBD_LL_PrepareReceive
                0x0800ab80       0x42 ./USB_DEVICE/Target/usbd_conf.o
                0x0800ab80                USBD_LL_PrepareReceive
 .text.USBD_LL_GetRxDataSize
                0x0800abc2       0x26 ./USB_DEVICE/Target/usbd_conf.o
                0x0800abc2                USBD_LL_GetRxDataSize
 .text.USBD_static_malloc
                0x0800abe8       0x1c ./USB_DEVICE/Target/usbd_conf.o
                0x0800abe8                USBD_static_malloc
 .text.USBD_static_free
                0x0800ac04       0x14 ./USB_DEVICE/Target/usbd_conf.o
                0x0800ac04                USBD_static_free
 .text.USBD_Get_USB_Status
                0x0800ac18       0x58 ./USB_DEVICE/Target/usbd_conf.o
                0x0800ac18                USBD_Get_USB_Status
 .text.snprintf
                0x0800ac70       0x68 /opt/st/stm32cubeide_1.15.1/plugins/com.st.stm32cube.ide.mcu.externaltools.gnu-tools-for-stm32.12.3.rel1.linux64_1.0.100.202403111256/tools/bin/../lib/gcc/arm-none-eabi/12.3.1/../../../../arm-none-eabi/lib/thumb/v7e-m+fp/hard/libc_nano.a(libc_a-snprintf.o)
                0x0800ac70                snprintf
                0x0800ac70                sniprintf
 .text.memset   0x0800acd8       0x10 /opt/st/stm32cubeide_1.15.1/plugins/com.st.stm32cube.ide.mcu.externaltools.gnu-tools-for-stm32.12.3.rel1.linux64_1.0.100.202403111256/tools/bin/../lib/gcc/arm-none-eabi/12.3.1/../../../../arm-none-eabi/lib/thumb/v7e-m+fp/hard/libc_nano.a(libc_a-memset.o)
                0x0800acd8                memset
 .text.__libc_init_array
                0x0800ace8       0x48 /opt/st/stm32cubeide_1.15.1/plugins/com.st.stm32cube.ide.mcu.externaltools.gnu-tools-for-stm32.12.3.rel1.linux64_1.0.100.202403111256/tools/bin/../lib/gcc/arm-none-eabi/12.3.1/../../../../arm-none-eabi/lib/thumb/v7e-m+fp/hard/libc_nano.a(libc_a-init.o)
                0x0800ace8                __libc_init_array
 .text.__retarget_lock_acquire_recursive
                0x0800ad30        0x2 /opt/st/stm32cubeide_1.15.1/plugins/com.st.stm32cube.ide.mcu.externaltools.gnu-tools-for-stm32.12.3.rel1.linux64_1.0.100.202403111256/tools/bin/../lib/gcc/arm-none-eabi/12.3.1/../../../../arm-none-eabi/lib/thumb/v7e-m+fp/hard/libc_nano.a(libc_a-lock.o)
                0x0800ad30                __retarget_lock_acquire_recursive
 .text.__retarget_lock_release_recursive
                0x0800ad32        0x2 /opt/st/stm32cubeide_1.15.1/plugins/com.st.stm32cube.ide.mcu.externaltools.gnu-tools-for-stm32.12.3.rel1.linux64_1.0.100.202403111256/tools/bin/../lib/gcc/arm-none-eabi/12.3.1/../../../../arm-none-eabi/lib/thumb/v7e-m+fp/hard/libc_nano.a(libc_a-lock.o)
                0x0800ad32                __retarget_lock_release_recursive
 .text.memcpy   0x0800ad34       0x1c /opt/st/stm32cubeide_1.15.1/plugins/com.st.stm32cube.ide.mcu.externaltools.gnu-tools-for-stm32.12.3.rel1.linux64_1.0.100.202403111256/tools/bin/../lib/gcc/arm-none-eabi/12.3.1/../../../../arm-none-eabi/lib/thumb/v7e-m+fp/hard/libc_nano.a(libc_a-memcpy-stub.o)
                0x0800ad34                memcpy
 .text._free_r  0x0800ad50       0x94 /opt/st/stm32cubeide_1.15.1/plugins/com.st.stm32cube.ide.mcu.externaltools.gnu-tools-for-stm32.12.3.rel1.linux64_1.0.100.202403111256/tools/bin/../lib/gcc/arm-none-eabi/12.3.1/../../../../arm-none-eabi/lib/thumb/v7e-m+fp/hard/libc_nano.a(libc_a-freer.o)
                0x0800ad50                _free_r
 .text.sbrk_aligned
                0x0800ade4       0x44 /opt/st/stm32cubeide_1.15.1/plugins/com.st.stm32cube.ide.mcu.externaltools.gnu-tools-for-stm32.12.3.rel1.linux64_1.0.100.202403111256/tools/bin/../lib/gcc/arm-none-eabi/12.3.1/../../../../arm-none-eabi/lib/thumb/v7e-m+fp/hard/libc_nano.a(libc_a-mallocr.o)
 .text._malloc_r
                0x0800ae28      0x100 /opt/st/stm32cubeide_1.15.1/plugins/com.st.stm32cube.ide.mcu.externaltools.gnu-tools-for-stm32.12.3.rel1.linux64_1.0.100.202403111256/tools/bin/../lib/gcc/arm-none-eabi/12.3.1/../../../../arm-none-eabi/lib/thumb/v7e-m+fp/hard/libc_nano.a(libc_a-mallocr.o)
                0x0800ae28                _malloc_r
 .text.__malloc_lock
                0x0800af28        0xc /opt/st/stm32cubeide_1.15.1/plugins/com.st.stm32cube.ide.mcu.externaltools.gnu-tools-for-stm32.12.3.rel1.linux64_1.0.100.202403111256/tools/bin/../lib/gcc/arm-none-eabi/12.3.1/../../../../arm-none-eabi/lib/thumb/v7e-m+fp/hard/libc_nano.a(libc_a-mlock.o)
                0x0800af28                __malloc_lock
 .text.__malloc_unlock
                0x0800af34        0xc /opt/st/stm32cubeide_1.15.1/plugins/com.st.stm32cube.ide.mcu.externaltools.gnu-tools-for-stm32.12.3.rel1.linux64_1.0.100.202403111256/tools/bin/../lib/gcc/arm-none-eabi/12.3.1/../../../../arm-none-eabi/lib/thumb/v7e-m+fp/hard/libc_nano.a(libc_a-mlock.o)
                0x0800af34                __malloc_unlock
 .text.__ssputs_r
                0x0800af40       0xb6 /opt/st/stm32cubeide_1.15.1/plugins/com.st.stm32cube.ide.mcu.externaltools.gnu-tools-for-stm32.12.3.rel1.linux64_1.0.100.202403111256/tools/bin/../lib/gcc/arm-none-eabi/12.3.1/../../../../arm-none-eabi/lib/thumb/v7e-m+fp/hard/libc_nano.a(libc_a-nano-svfprintf.o)
                0x0800af40                __ssputs_r
 *fill*         0x0800aff6        0x2 
 .text._svfprintf_r
                0x0800aff8      0x1f8 /opt/st/stm32cubeide_1.15.1/plugins/com.st.stm32cube.ide.mcu.externaltools.gnu-tools-for-stm32.12.3.rel1.linux64_1.0.100.202403111256/tools/bin/../lib/gcc/arm-none-eabi/12.3.1/../../../../arm-none-eabi/lib/thumb/v7e-m+fp/hard/libc_nano.a(libc_a-nano-svfprintf.o)
                0x0800aff8                _svfprintf_r
                0x0800aff8                _svfiprintf_r
 .text._printf_common
                0x0800b1f0       0xda /opt/st/stm32cubeide_1.15.1/plugins/com.st.stm32cube.ide.mcu.externaltools.gnu-tools-for-stm32.12.3.rel1.linux64_1.0.100.202403111256/tools/bin/../lib/gcc/arm-none-eabi/12.3.1/../../../../arm-none-eabi/lib/thumb/v7e-m+fp/hard/libc_nano.a(libc_a-nano-vfprintf_i.o)
                0x0800b1f0                _printf_common
 *fill*         0x0800b2ca        0x2 
 .text._printf_i
                0x0800b2cc      0x240 /opt/st/stm32cubeide_1.15.1/plugins/com.st.stm32cube.ide.mcu.externaltools.gnu-tools-for-stm32.12.3.rel1.linux64_1.0.100.202403111256/tools/bin/../lib/gcc/arm-none-eabi/12.3.1/../../../../arm-none-eabi/lib/thumb/v7e-m+fp/hard/libc_nano.a(libc_a-nano-vfprintf_i.o)
                0x0800b2cc                _printf_i
 .text.memmove  0x0800b50c       0x34 /opt/st/stm32cubeide_1.15.1/plugins/com.st.stm32cube.ide.mcu.externaltools.gnu-tools-for-stm32.12.3.rel1.linux64_1.0.100.202403111256/tools/bin/../lib/gcc/arm-none-eabi/12.3.1/../../../../arm-none-eabi/lib/thumb/v7e-m+fp/hard/libc_nano.a(libc_a-memmove.o)
                0x0800b50c                memmove
 .text._sbrk_r  0x0800b540       0x20 /opt/st/stm32cubeide_1.15.1/plugins/com.st.stm32cube.ide.mcu.externaltools.gnu-tools-for-stm32.12.3.rel1.linux64_1.0.100.202403111256/tools/bin/../lib/gcc/arm-none-eabi/12.3.1/../../../../arm-none-eabi/lib/thumb/v7e-m+fp/hard/libc_nano.a(libc_a-sbrkr.o)
                0x0800b540                _sbrk_r
 .text._realloc_r
                0x0800b560       0x5c /opt/st/stm32cubeide_1.15.1/plugins/com.st.stm32cube.ide.mcu.externaltools.gnu-tools-for-stm32.12.3.rel1.linux64_1.0.100.202403111256/tools/bin/../lib/gcc/arm-none-eabi/12.3.1/../../../../arm-none-eabi/lib/thumb/v7e-m+fp/hard/libc_nano.a(libc_a-reallocr.o)
                0x0800b560                _realloc_r
 .text._malloc_usable_size_r
                0x0800b5bc       0x10 /opt/st/stm32cubeide_1.15.1/plugins/com.st.stm32cube.ide.mcu.externaltools.gnu-tools-for-stm32.12.3.rel1.linux64_1.0.100.202403111256/tools/bin/../lib/gcc/arm-none-eabi/12.3.1/../../../../arm-none-eabi/lib/thumb/v7e-m+fp/hard/libc_nano.a(libc_a-msizer.o)
                0x0800b5bc                _malloc_usable_size_r
 .text._sbrk    0x0800b5cc       0x1c /opt/st/stm32cubeide_1.15.1/plugins/com.st.stm32cube.ide.mcu.externaltools.gnu-tools-for-stm32.12.3.rel1.linux64_1.0.100.202403111256/tools/bin/../lib/gcc/arm-none-eabi/12.3.1/../../../../arm-none-eabi/lib/thumb/v7e-m+fp/hard/libnosys.a(sbrk.o)
                0x0800b5cc                _sbrk
 *(.glue_7)
 .glue_7        0x0800b5e8        0x0 linker stubs
 *(.glue_7t)
 .glue_7t       0x0800b5e8        0x0 linker stubs
 *(.eh_frame)
 .eh_frame      0x0800b5e8        0x0 /opt/st/stm32cubeide_1.15.1/plugins/com.st.stm32cube.ide.mcu.externaltools.gnu-tools-for-stm32.12.3.rel1.linux64_1.0.100.202403111256/tools/bin/../lib/gcc/arm-none-eabi/12.3.1/thumb/v7e-m+fp/hard/crtbegin.o
 *(.init)
 .init          0x0800b5e8        0x4 /opt/st/stm32cubeide_1.15.1/plugins/com.st.stm32cube.ide.mcu.externaltools.gnu-tools-for-stm32.12.3.rel1.linux64_1.0.100.202403111256/tools/bin/../lib/gcc/arm-none-eabi/12.3.1/thumb/v7e-m+fp/hard/crti.o
                0x0800b5e8                _init
 .init          0x0800b5ec        0x8 /opt/st/stm32cubeide_1.15.1/plugins/com.st.stm32cube.ide.mcu.externaltools.gnu-tools-for-stm32.12.3.rel1.linux64_1.0.100.202403111256/tools/bin/../lib/gcc/arm-none-eabi/12.3.1/thumb/v7e-m+fp/hard/crtn.o
 *(.fini)
 .fini          0x0800b5f4        0x4 /opt/st/stm32cubeide_1.15.1/plugins/com.st.stm32cube.ide.mcu.externaltools.gnu-tools-for-stm32.12.3.rel1.linux64_1.0.100.202403111256/tools/bin/../lib/gcc/arm-none-eabi/12.3.1/thumb/v7e-m+fp/hard/crti.o
                0x0800b5f4                _fini
 .fini          0x0800b5f8        0x8 /opt/st/stm32cubeide_1.15.1/plugins/com.st.stm32cube.ide.mcu.externaltools.gnu-tools-for-stm32.12.3.rel1.linux64_1.0.100.202403111256/tools/bin/../lib/gcc/arm-none-eabi/12.3.1/thumb/v7e-m+fp/hard/crtn.o
                0x0800b600                        . = ALIGN (0x4)
                0x0800b600                        _etext = .

.vfp11_veneer   0x0800b600        0x0
 .vfp11_veneer  0x0800b600        0x0 linker stubs

.v4_bx          0x0800b600        0x0
 .v4_bx         0x0800b600        0x0 linker stubs

.iplt           0x0800b600        0x0
 .iplt          0x0800b600        0x0 /opt/st/stm32cubeide_1.15.1/plugins/com.st.stm32cube.ide.mcu.externaltools.gnu-tools-for-stm32.12.3.rel1.linux64_1.0.100.202403111256/tools/bin/../lib/gcc/arm-none-eabi/12.3.1/thumb/v7e-m+fp/hard/crtbegin.o

.rodata         0x0800b600      0xb7c
                0x0800b600                        . = ALIGN (0x4)
 *(.rodata)
 .rodata        0x0800b600      0x112 ./Core/Src/main.o
 *fill*         0x0800b712        0x2 
 .rodata        0x0800b714      0x20a ./Core/Src/oled.o
 *fill*         0x0800b91e        0x2 
 .rodata        0x0800b920      0x20f ./Core/Src/usb.o
 *fill*         0x0800bb2f        0x1 
 .rodata        0x0800bb30       0x46 ./USB_DEVICE/App/usbd_desc.o
 *(.rodata*)
 *fill*         0x0800bb76        0x2 
 .rodata.logo_aldzama
                0x0800bb78      0x3f0 ./Core/Src/oled.o
 .rodata.font_5x7
                0x0800bf68      0x1c7 ./Core/Src/oled.o
 *fill*         0x0800c12f        0x1 
 .rodata.AHBPrescTable
                0x0800c130       0x10 ./Core/Src/system_stm32f4xx.o
                0x0800c130                AHBPrescTable
 .rodata.APBPrescTable
                0x0800c140        0x8 ./Core/Src/system_stm32f4xx.o
                0x0800c140                APBPrescTable
 .rodata._svfprintf_r.str1.1
                0x0800c148       0x11 /opt/st/stm32cubeide_1.15.1/plugins/com.st.stm32cube.ide.mcu.externaltools.gnu-tools-for-stm32.12.3.rel1.linux64_1.0.100.202403111256/tools/bin/../lib/gcc/arm-none-eabi/12.3.1/../../../../arm-none-eabi/lib/thumb/v7e-m+fp/hard/libc_nano.a(libc_a-nano-svfprintf.o)
 .rodata._printf_i.str1.1
                0x0800c159       0x22 /opt/st/stm32cubeide_1.15.1/plugins/com.st.stm32cube.ide.mcu.externaltools.gnu-tools-for-stm32.12.3.rel1.linux64_1.0.100.202403111256/tools/bin/../lib/gcc/arm-none-eabi/12.3.1/../../../../arm-none-eabi/lib/thumb/v7e-m+fp/hard/libc_nano.a(libc_a-nano-vfprintf_i.o)
                0x0800c17c                        . = ALIGN (0x4)
 *fill*         0x0800c17b        0x1 

.ARM.extab      0x0800c17c        0x0
                0x0800c17c                        . = ALIGN (0x4)
 *(.ARM.extab* .gnu.linkonce.armextab.*)
                0x0800c17c                        . = ALIGN (0x4)

.ARM            0x0800c17c        0x8
                0x0800c17c                        . = ALIGN (0x4)
                0x0800c17c                        __exidx_start = .
 *(.ARM.exidx*)
 .ARM.exidx     0x0800c17c        0x8 /opt/st/stm32cubeide_1.15.1/plugins/com.st.stm32cube.ide.mcu.externaltools.gnu-tools-for-stm32.12.3.rel1.linux64_1.0.100.202403111256/tools/bin/../lib/gcc/arm-none-eabi/12.3.1/../../../../arm-none-eabi/lib/thumb/v7e-m+fp/hard/libc_nano.a(libc_a-strlen.o)
 .ARM.exidx     0x0800c184        0x0 /opt/st/stm32cubeide_1.15.1/plugins/com.st.stm32cube.ide.mcu.externaltools.gnu-tools-for-stm32.12.3.rel1.linux64_1.0.100.202403111256/tools/bin/../lib/gcc/arm-none-eabi/12.3.1/../../../../arm-none-eabi/lib/thumb/v7e-m+fp/hard/libc_nano.a(libc_a-memchr.o)
                                  0x8 (size before relaxing)
 .ARM.exidx     0x0800c184        0x0 /opt/st/stm32cubeide_1.15.1/plugins/com.st.stm32cube.ide.mcu.externaltools.gnu-tools-for-stm32.12.3.rel1.linux64_1.0.100.202403111256/tools/bin/../lib/gcc/arm-none-eabi/12.3.1/thumb/v7e-m+fp/hard/libgcc.a(_udivmoddi4.o)
                                  0x8 (size before relaxing)
                0x0800c184                        __exidx_end = .
                0x0800c184                        . = ALIGN (0x4)

.preinit_array  0x0800c184        0x0
                0x0800c184                        . = ALIGN (0x4)
                0x0800c184                        PROVIDE (__preinit_array_start = .)
 *(.preinit_array*)
                0x0800c184                        PROVIDE (__preinit_array_end = .)
                0x0800c184                        . = ALIGN (0x4)

.init_array     0x0800c184        0x4
                0x0800c184                        . = ALIGN (0x4)
                0x0800c184                        PROVIDE (__init_array_start = .)
 *(SORT_BY_NAME(.init_array.*))
 *(.init_array*)
 .init_array    0x0800c184        0x4 /opt/st/stm32cubeide_1.15.1/plugins/com.st.stm32cube.ide.mcu.externaltools.gnu-tools-for-stm32.12.3.rel1.linux64_1.0.100.202403111256/tools/bin/../lib/gcc/arm-none-eabi/12.3.1/thumb/v7e-m+fp/hard/crtbegin.o
                0x0800c188                        PROVIDE (__init_array_end = .)
                0x0800c188                        . = ALIGN (0x4)

.fini_array     0x0800c188        0x4
                0x0800c188                        . = ALIGN (0x4)
                [!provide]                        PROVIDE (__fini_array_start = .)
 *(SORT_BY_NAME(.fini_array.*))
 *(.fini_array*)
 .fini_array    0x0800c188        0x4 /opt/st/stm32cubeide_1.15.1/plugins/com.st.stm32cube.ide.mcu.externaltools.gnu-tools-for-stm32.12.3.rel1.linux64_1.0.100.202403111256/tools/bin/../lib/gcc/arm-none-eabi/12.3.1/thumb/v7e-m+fp/hard/crtbegin.o
                [!provide]                        PROVIDE (__fini_array_end = .)
                0x0800c18c                        . = ALIGN (0x4)
                0x0800c18c                        _sidata = LOADADDR (.data)

.rel.dyn        0x0800c18c        0x0
 .rel.iplt      0x0800c18c        0x0 /opt/st/stm32cubeide_1.15.1/plugins/com.st.stm32cube.ide.mcu.externaltools.gnu-tools-for-stm32.12.3.rel1.linux64_1.0.100.202403111256/tools/bin/../lib/gcc/arm-none-eabi/12.3.1/thumb/v7e-m+fp/hard/crtbegin.o

.data           0x20000000      0x14c load address 0x0800c18c
                0x20000000                        . = ALIGN (0x4)
                0x20000000                        _sdata = .
 *(.data)
 *(.data*)
 .data.SystemCoreClock
                0x20000000        0x4 ./Core/Src/system_stm32f4xx.o
                0x20000000                SystemCoreClock
 .data.uwTickPrio
                0x20000004        0x4 ./Drivers/STM32F4xx_HAL_Driver/Src/stm32f4xx_hal.o
                0x20000004                uwTickPrio
 .data.uwTickFreq
                0x20000008        0x1 ./Drivers/STM32F4xx_HAL_Driver/Src/stm32f4xx_hal.o
                0x20000008                uwTickFreq
 *fill*         0x20000009        0x3 
 .data.USBD_CDC_DeviceQualifierDesc
                0x2000000c        0xa ./Middlewares/ST/STM32_USB_Device_Library/Class/CDC/Src/usbd_cdc.o
 *fill*         0x20000016        0x2 
 .data.USBD_CDC
                0x20000018       0x38 ./Middlewares/ST/STM32_USB_Device_Library/Class/CDC/Src/usbd_cdc.o
                0x20000018                USBD_CDC
 .data.USBD_CDC_CfgDesc
                0x20000050       0x43 ./Middlewares/ST/STM32_USB_Device_Library/Class/CDC/Src/usbd_cdc.o
 .data.CDCInEpAdd
                0x20000093        0x1 ./Middlewares/ST/STM32_USB_Device_Library/Class/CDC/Src/usbd_cdc.o
 .data.CDCOutEpAdd
                0x20000094        0x1 ./Middlewares/ST/STM32_USB_Device_Library/Class/CDC/Src/usbd_cdc.o
 .data.CDCCmdEpAdd
                0x20000095        0x1 ./Middlewares/ST/STM32_USB_Device_Library/Class/CDC/Src/usbd_cdc.o
 *fill*         0x20000096        0x2 
 .data.USBD_Interface_fops_FS
                0x20000098       0x14 ./USB_DEVICE/App/usbd_cdc_if.o
                0x20000098                USBD_Interface_fops_FS
 .data.FS_Desc  0x200000ac       0x1c ./USB_DEVICE/App/usbd_desc.o
                0x200000ac                FS_Desc
 .data.USBD_FS_DeviceDesc
                0x200000c8       0x12 ./USB_DEVICE/App/usbd_desc.o
                0x200000c8                USBD_FS_DeviceDesc
 *fill*         0x200000da        0x2 
 .data.USBD_LangIDDesc
                0x200000dc        0x4 ./USB_DEVICE/App/usbd_desc.o
                0x200000dc                USBD_LangIDDesc
 .data.USBD_StringSerial
                0x200000e0       0x1a ./USB_DEVICE/App/usbd_desc.o
                0x200000e0                USBD_StringSerial
 *fill*         0x200000fa        0x2 
 .data._impure_ptr
                0x200000fc        0x4 /opt/st/stm32cubeide_1.15.1/plugins/com.st.stm32cube.ide.mcu.externaltools.gnu-tools-for-stm32.12.3.rel1.linux64_1.0.100.202403111256/tools/bin/../lib/gcc/arm-none-eabi/12.3.1/../../../../arm-none-eabi/lib/thumb/v7e-m+fp/hard/libc_nano.a(libc_a-impure.o)
                0x200000fc                _impure_ptr
 .data._impure_data
                0x20000100       0x4c /opt/st/stm32cubeide_1.15.1/plugins/com.st.stm32cube.ide.mcu.externaltools.gnu-tools-for-stm32.12.3.rel1.linux64_1.0.100.202403111256/tools/bin/../lib/gcc/arm-none-eabi/12.3.1/../../../../arm-none-eabi/lib/thumb/v7e-m+fp/hard/libc_nano.a(libc_a-impure.o)
                0x20000100                _impure_data
 *(.RamFunc)
 *(.RamFunc*)
                0x2000014c                        . = ALIGN (0x4)
                0x2000014c                        _edata = .

.igot.plt       0x2000014c        0x0 load address 0x0800c2d8
 .igot.plt      0x2000014c        0x0 /opt/st/stm32cubeide_1.15.1/plugins/com.st.stm32cube.ide.mcu.externaltools.gnu-tools-for-stm32.12.3.rel1.linux64_1.0.100.202403111256/tools/bin/../lib/gcc/arm-none-eabi/12.3.1/thumb/v7e-m+fp/hard/crtbegin.o
                0x2000014c                        . = ALIGN (0x4)

.bss            0x2000014c     0x265c load address 0x0800c2d8
                0x2000014c                        _sbss = .
                0x2000014c                        __bss_start__ = _sbss
 *(.bss)
 .bss           0x2000014c       0x1c /opt/st/stm32cubeide_1.15.1/plugins/com.st.stm32cube.ide.mcu.externaltools.gnu-tools-for-stm32.12.3.rel1.linux64_1.0.100.202403111256/tools/bin/../lib/gcc/arm-none-eabi/12.3.1/thumb/v7e-m+fp/hard/crtbegin.o
 *(.bss*)
 .bss.hadc1     0x20000168       0x48 ./Core/Src/adc.o
                0x20000168                hadc1
 .bss.hi2c1     0x200001b0       0x54 ./Core/Src/i2c.o
                0x200001b0                hi2c1
 .bss.huart_lora
                0x20000204        0x4 ./Core/Src/lora.o
 .bss.M0_Port   0x20000208        0x4 ./Core/Src/lora.o
 .bss.M0_Pin    0x2000020c        0x2 ./Core/Src/lora.o
 *fill*         0x2000020e        0x2 
 .bss.M1_Port   0x20000210        0x4 ./Core/Src/lora.o
 .bss.M1_Pin    0x20000214        0x2 ./Core/Src/lora.o
 .bss.lora_ready
                0x20000216        0x1 ./Core/Src/lora.o
 .bss.usb_counter.4
                0x20000217        0x1 ./Core/Src/main.o
 .bss.last_sleep_state.3
                0x20000218        0x1 ./Core/Src/main.o
 .bss.last_safety_state.2
                0x20000219        0x1 ./Core/Src/main.o
 .bss.last_hold_counter.1
                0x2000021a        0x1 ./Core/Src/main.o
 .bss.oled_counter.0
                0x2000021b        0x1 ./Core/Src/main.o
 .bss.oled_i2c  0x2000021c        0x4 ./Core/Src/oled.o
 .bss.oled_buffer
                0x20000220      0x400 ./Core/Src/oled.o
 .bss.cursor_x  0x20000620        0x1 ./Core/Src/oled.o
 .bss.cursor_y  0x20000621        0x1 ./Core/Src/oled.o
 *fill*         0x20000622        0x2 
 .bss.huart1    0x20000624       0x48 ./Core/Src/usart.o
                0x20000624                huart1
 .bss.usb_buffer
                0x2000066c      0x400 ./Core/Src/usb.o
 .bss.tx_data   0x20000a6c        0x8 ./Core/Src/var.o
                0x20000a6c                tx_data
 .bss.uwTick    0x20000a74        0x4 ./Drivers/STM32F4xx_HAL_Driver/Src/stm32f4xx_hal.o
                0x20000a74                uwTick
 .bss.cfgidx.0  0x20000a78        0x1 ./Middlewares/ST/STM32_USB_Device_Library/Core/Src/usbd_ctlreq.o
 *fill*         0x20000a79        0x3 
 .bss.hUsbDeviceFS
                0x20000a7c      0x2dc ./USB_DEVICE/App/usb_device.o
                0x20000a7c                hUsbDeviceFS
 .bss.UserRxBufferFS
                0x20000d58      0x800 ./USB_DEVICE/App/usbd_cdc_if.o
                0x20000d58                UserRxBufferFS
 .bss.UserTxBufferFS
                0x20001558      0x800 ./USB_DEVICE/App/usbd_cdc_if.o
                0x20001558                UserTxBufferFS
 .bss.USBD_StrDesc
                0x20001d58      0x200 ./USB_DEVICE/App/usbd_desc.o
                0x20001d58                USBD_StrDesc
 .bss.hpcd_USB_OTG_FS
                0x20001f58      0x4e4 ./USB_DEVICE/Target/usbd_conf.o
                0x20001f58                hpcd_USB_OTG_FS
 .bss.mem.0     0x2000243c      0x220 ./USB_DEVICE/Target/usbd_conf.o
 .bss.__sf      0x2000265c      0x138 /opt/st/stm32cubeide_1.15.1/plugins/com.st.stm32cube.ide.mcu.externaltools.gnu-tools-for-stm32.12.3.rel1.linux64_1.0.100.202403111256/tools/bin/../lib/gcc/arm-none-eabi/12.3.1/../../../../arm-none-eabi/lib/thumb/v7e-m+fp/hard/libc_nano.a(libc_a-findfp.o)
                0x2000265c                __sf
 .bss.errno     0x20002794        0x4 /opt/st/stm32cubeide_1.15.1/plugins/com.st.stm32cube.ide.mcu.externaltools.gnu-tools-for-stm32.12.3.rel1.linux64_1.0.100.202403111256/tools/bin/../lib/gcc/arm-none-eabi/12.3.1/../../../../arm-none-eabi/lib/thumb/v7e-m+fp/hard/libc_nano.a(libc_a-reent.o)
                0x20002794                errno
 .bss.__lock___malloc_recursive_mutex
                0x20002798        0x1 /opt/st/stm32cubeide_1.15.1/plugins/com.st.stm32cube.ide.mcu.externaltools.gnu-tools-for-stm32.12.3.rel1.linux64_1.0.100.202403111256/tools/bin/../lib/gcc/arm-none-eabi/12.3.1/../../../../arm-none-eabi/lib/thumb/v7e-m+fp/hard/libc_nano.a(libc_a-lock.o)
                0x20002798                __lock___malloc_recursive_mutex
 *fill*         0x20002799        0x3 
 .bss.__malloc_sbrk_start
                0x2000279c        0x4 /opt/st/stm32cubeide_1.15.1/plugins/com.st.stm32cube.ide.mcu.externaltools.gnu-tools-for-stm32.12.3.rel1.linux64_1.0.100.202403111256/tools/bin/../lib/gcc/arm-none-eabi/12.3.1/../../../../arm-none-eabi/lib/thumb/v7e-m+fp/hard/libc_nano.a(libc_a-mallocr.o)
                0x2000279c                __malloc_sbrk_start
 .bss.__malloc_free_list
                0x200027a0        0x4 /opt/st/stm32cubeide_1.15.1/plugins/com.st.stm32cube.ide.mcu.externaltools.gnu-tools-for-stm32.12.3.rel1.linux64_1.0.100.202403111256/tools/bin/../lib/gcc/arm-none-eabi/12.3.1/../../../../arm-none-eabi/lib/thumb/v7e-m+fp/hard/libc_nano.a(libc_a-mallocr.o)
                0x200027a0                __malloc_free_list
 .bss.heap_end.0
                0x200027a4        0x4 /opt/st/stm32cubeide_1.15.1/plugins/com.st.stm32cube.ide.mcu.externaltools.gnu-tools-for-stm32.12.3.rel1.linux64_1.0.100.202403111256/tools/bin/../lib/gcc/arm-none-eabi/12.3.1/../../../../arm-none-eabi/lib/thumb/v7e-m+fp/hard/libnosys.a(sbrk.o)
 *(COMMON)
                0x200027a8                        . = ALIGN (0x4)
                0x200027a8                        _ebss = .
                0x200027a8                        __bss_end__ = _ebss

._user_heap_stack
                0x200027a8      0x600 load address 0x0800c2d8
                0x200027a8                        . = ALIGN (0x8)
                0x200027a8                        PROVIDE (end = .)
                [!provide]                        PROVIDE (_end = .)
                0x200029a8                        . = (. + _Min_Heap_Size)
 *fill*         0x200027a8      0x200 
                0x20002da8                        . = (. + _Min_Stack_Size)
 *fill*         0x200029a8      0x400 
                0x20002da8                        . = ALIGN (0x8)

/DISCARD/
 libc.a(*)
 libm.a(*)
 libgcc.a(*)

.ARM.attributes
                0x00000000       0x30
 *(.ARM.attributes)
 .ARM.attributes
                0x00000000       0x22 /opt/st/stm32cubeide_1.15.1/plugins/com.st.stm32cube.ide.mcu.externaltools.gnu-tools-for-stm32.12.3.rel1.linux64_1.0.100.202403111256/tools/bin/../lib/gcc/arm-none-eabi/12.3.1/thumb/v7e-m+fp/hard/crti.o
 .ARM.attributes
                0x00000022       0x34 /opt/st/stm32cubeide_1.15.1/plugins/com.st.stm32cube.ide.mcu.externaltools.gnu-tools-for-stm32.12.3.rel1.linux64_1.0.100.202403111256/tools/bin/../lib/gcc/arm-none-eabi/12.3.1/thumb/v7e-m+fp/hard/crtbegin.o
 .ARM.attributes
                0x00000056       0x34 ./Core/Src/adc.o
 .ARM.attributes
                0x0000008a       0x34 ./Core/Src/gpio.o
 .ARM.attributes
                0x000000be       0x34 ./Core/Src/i2c.o
 .ARM.attributes
                0x000000f2       0x34 ./Core/Src/joystick.o
 .ARM.attributes
                0x00000126       0x34 ./Core/Src/lora.o
 .ARM.attributes
                0x0000015a       0x34 ./Core/Src/main.o
 .ARM.attributes
                0x0000018e       0x34 ./Core/Src/oled.o
 .ARM.attributes
                0x000001c2       0x34 ./Core/Src/stm32f4xx_hal_msp.o
 .ARM.attributes
                0x000001f6       0x34 ./Core/Src/stm32f4xx_it.o
 .ARM.attributes
                0x0000022a       0x34 ./Core/Src/switch.o
 .ARM.attributes
                0x0000025e       0x34 ./Core/Src/system_stm32f4xx.o
 .ARM.attributes
                0x00000292       0x34 ./Core/Src/usart.o
 .ARM.attributes
                0x000002c6       0x34 ./Core/Src/usb.o
 .ARM.attributes
                0x000002fa       0x34 ./Core/Src/var.o
 .ARM.attributes
                0x0000032e       0x21 ./Core/Startup/startup_stm32f401ceux.o
 .ARM.attributes
                0x0000034f       0x34 ./Drivers/STM32F4xx_HAL_Driver/Src/stm32f4xx_hal.o
 .ARM.attributes
                0x00000383       0x34 ./Drivers/STM32F4xx_HAL_Driver/Src/stm32f4xx_hal_adc.o
 .ARM.attributes
                0x000003b7       0x34 ./Drivers/STM32F4xx_HAL_Driver/Src/stm32f4xx_hal_cortex.o
 .ARM.attributes
                0x000003eb       0x34 ./Drivers/STM32F4xx_HAL_Driver/Src/stm32f4xx_hal_dma.o
 .ARM.attributes
                0x0000041f       0x34 ./Drivers/STM32F4xx_HAL_Driver/Src/stm32f4xx_hal_gpio.o
 .ARM.attributes
                0x00000453       0x34 ./Drivers/STM32F4xx_HAL_Driver/Src/stm32f4xx_hal_i2c.o
 .ARM.attributes
                0x00000487       0x34 ./Drivers/STM32F4xx_HAL_Driver/Src/stm32f4xx_hal_pcd.o
 .ARM.attributes
                0x000004bb       0x34 ./Drivers/STM32F4xx_HAL_Driver/Src/stm32f4xx_hal_pcd_ex.o
 .ARM.attributes
                0x000004ef       0x34 ./Drivers/STM32F4xx_HAL_Driver/Src/stm32f4xx_hal_rcc.o
 .ARM.attributes
                0x00000523       0x34 ./Drivers/STM32F4xx_HAL_Driver/Src/stm32f4xx_hal_uart.o
 .ARM.attributes
                0x00000557       0x34 ./Drivers/STM32F4xx_HAL_Driver/Src/stm32f4xx_ll_usb.o
 .ARM.attributes
                0x0000058b       0x34 ./Middlewares/ST/STM32_USB_Device_Library/Class/CDC/Src/usbd_cdc.o
 .ARM.attributes
                0x000005bf       0x34 ./Middlewares/ST/STM32_USB_Device_Library/Core/Src/usbd_core.o
 .ARM.attributes
                0x000005f3       0x34 ./Middlewares/ST/STM32_USB_Device_Library/Core/Src/usbd_ctlreq.o
 .ARM.attributes
                0x00000627       0x34 ./Middlewares/ST/STM32_USB_Device_Library/Core/Src/usbd_ioreq.o
 .ARM.attributes
                0x0000065b       0x34 ./USB_DEVICE/App/usb_device.o
 .ARM.attributes
                0x0000068f       0x34 ./USB_DEVICE/App/usbd_cdc_if.o
 .ARM.attributes
                0x000006c3       0x34 ./USB_DEVICE/App/usbd_desc.o
 .ARM.attributes
                0x000006f7       0x34 ./USB_DEVICE/Target/usbd_conf.o
 .ARM.attributes
                0x0000072b       0x34 /opt/st/stm32cubeide_1.15.1/plugins/com.st.stm32cube.ide.mcu.externaltools.gnu-tools-for-stm32.12.3.rel1.linux64_1.0.100.202403111256/tools/bin/../lib/gcc/arm-none-eabi/12.3.1/../../../../arm-none-eabi/lib/thumb/v7e-m+fp/hard/libc_nano.a(libc_a-findfp.o)
 .ARM.attributes
                0x0000075f       0x34 /opt/st/stm32cubeide_1.15.1/plugins/com.st.stm32cube.ide.mcu.externaltools.gnu-tools-for-stm32.12.3.rel1.linux64_1.0.100.202403111256/tools/bin/../lib/gcc/arm-none-eabi/12.3.1/../../../../arm-none-eabi/lib/thumb/v7e-m+fp/hard/libc_nano.a(libc_a-snprintf.o)
 .ARM.attributes
                0x00000793       0x34 /opt/st/stm32cubeide_1.15.1/plugins/com.st.stm32cube.ide.mcu.externaltools.gnu-tools-for-stm32.12.3.rel1.linux64_1.0.100.202403111256/tools/bin/../lib/gcc/arm-none-eabi/12.3.1/../../../../arm-none-eabi/lib/thumb/v7e-m+fp/hard/libc_nano.a(libc_a-memset.o)
 .ARM.attributes
                0x000007c7       0x34 /opt/st/stm32cubeide_1.15.1/plugins/com.st.stm32cube.ide.mcu.externaltools.gnu-tools-for-stm32.12.3.rel1.linux64_1.0.100.202403111256/tools/bin/../lib/gcc/arm-none-eabi/12.3.1/../../../../arm-none-eabi/lib/thumb/v7e-m+fp/hard/libc_nano.a(libc_a-reent.o)
 .ARM.attributes
                0x000007fb       0x34 /opt/st/stm32cubeide_1.15.1/plugins/com.st.stm32cube.ide.mcu.externaltools.gnu-tools-for-stm32.12.3.rel1.linux64_1.0.100.202403111256/tools/bin/../lib/gcc/arm-none-eabi/12.3.1/../../../../arm-none-eabi/lib/thumb/v7e-m+fp/hard/libc_nano.a(libc_a-impure.o)
 .ARM.attributes
                0x0000082f       0x34 /opt/st/stm32cubeide_1.15.1/plugins/com.st.stm32cube.ide.mcu.externaltools.gnu-tools-for-stm32.12.3.rel1.linux64_1.0.100.202403111256/tools/bin/../lib/gcc/arm-none-eabi/12.3.1/../../../../arm-none-eabi/lib/thumb/v7e-m+fp/hard/libc_nano.a(libc_a-init.o)
 .ARM.attributes
                0x00000863       0x34 /opt/st/stm32cubeide_1.15.1/plugins/com.st.stm32cube.ide.mcu.externaltools.gnu-tools-for-stm32.12.3.rel1.linux64_1.0.100.202403111256/tools/bin/../lib/gcc/arm-none-eabi/12.3.1/../../../../arm-none-eabi/lib/thumb/v7e-m+fp/hard/libc_nano.a(libc_a-lock.o)
 .ARM.attributes
                0x00000897       0x34 /opt/st/stm32cubeide_1.15.1/plugins/com.st.stm32cube.ide.mcu.externaltools.gnu-tools-for-stm32.12.3.rel1.linux64_1.0.100.202403111256/tools/bin/../lib/gcc/arm-none-eabi/12.3.1/../../../../arm-none-eabi/lib/thumb/v7e-m+fp/hard/libc_nano.a(libc_a-memcpy-stub.o)
 .ARM.attributes
                0x000008cb       0x17 /opt/st/stm32cubeide_1.15.1/plugins/com.st.stm32cube.ide.mcu.externaltools.gnu-tools-for-stm32.12.3.rel1.linux64_1.0.100.202403111256/tools/bin/../lib/gcc/arm-none-eabi/12.3.1/../../../../arm-none-eabi/lib/thumb/v7e-m+fp/hard/libc_nano.a(libc_a-strlen.o)
 .ARM.attributes
                0x000008e2       0x34 /opt/st/stm32cubeide_1.15.1/plugins/com.st.stm32cube.ide.mcu.externaltools.gnu-tools-for-stm32.12.3.rel1.linux64_1.0.100.202403111256/tools/bin/../lib/gcc/arm-none-eabi/12.3.1/../../../../arm-none-eabi/lib/thumb/v7e-m+fp/hard/libc_nano.a(libc_a-freer.o)
 .ARM.attributes
                0x00000916       0x34 /opt/st/stm32cubeide_1.15.1/plugins/com.st.stm32cube.ide.mcu.externaltools.gnu-tools-for-stm32.12.3.rel1.linux64_1.0.100.202403111256/tools/bin/../lib/gcc/arm-none-eabi/12.3.1/../../../../arm-none-eabi/lib/thumb/v7e-m+fp/hard/libc_nano.a(libc_a-mallocr.o)
 .ARM.attributes
                0x0000094a       0x34 /opt/st/stm32cubeide_1.15.1/plugins/com.st.stm32cube.ide.mcu.externaltools.gnu-tools-for-stm32.12.3.rel1.linux64_1.0.100.202403111256/tools/bin/../lib/gcc/arm-none-eabi/12.3.1/../../../../arm-none-eabi/lib/thumb/v7e-m+fp/hard/libc_nano.a(libc_a-mlock.o)
 .ARM.attributes
                0x0000097e       0x34 /opt/st/stm32cubeide_1.15.1/plugins/com.st.stm32cube.ide.mcu.externaltools.gnu-tools-for-stm32.12.3.rel1.linux64_1.0.100.202403111256/tools/bin/../lib/gcc/arm-none-eabi/12.3.1/../../../../arm-none-eabi/lib/thumb/v7e-m+fp/hard/libc_nano.a(libc_a-nano-svfprintf.o)
 .ARM.attributes
                0x000009b2       0x34 /opt/st/stm32cubeide_1.15.1/plugins/com.st.stm32cube.ide.mcu.externaltools.gnu-tools-for-stm32.12.3.rel1.linux64_1.0.100.202403111256/tools/bin/../lib/gcc/arm-none-eabi/12.3.1/../../../../arm-none-eabi/lib/thumb/v7e-m+fp/hard/libc_nano.a(libc_a-nano-vfprintf_i.o)
 .ARM.attributes
                0x000009e6       0x34 /opt/st/stm32cubeide_1.15.1/plugins/com.st.stm32cube.ide.mcu.externaltools.gnu-tools-for-stm32.12.3.rel1.linux64_1.0.100.202403111256/tools/bin/../lib/gcc/arm-none-eabi/12.3.1/../../../../arm-none-eabi/lib/thumb/v7e-m+fp/hard/libc_nano.a(libc_a-memmove.o)
 .ARM.attributes
                0x00000a1a       0x34 /opt/st/stm32cubeide_1.15.1/plugins/com.st.stm32cube.ide.mcu.externaltools.gnu-tools-for-stm32.12.3.rel1.linux64_1.0.100.202403111256/tools/bin/../lib/gcc/arm-none-eabi/12.3.1/../../../../arm-none-eabi/lib/thumb/v7e-m+fp/hard/libc_nano.a(libc_a-sbrkr.o)
 .ARM.attributes
                0x00000a4e       0x1c /opt/st/stm32cubeide_1.15.1/plugins/com.st.stm32cube.ide.mcu.externaltools.gnu-tools-for-stm32.12.3.rel1.linux64_1.0.100.202403111256/tools/bin/../lib/gcc/arm-none-eabi/12.3.1/../../../../arm-none-eabi/lib/thumb/v7e-m+fp/hard/libc_nano.a(libc_a-memchr.o)
 .ARM.attributes
                0x00000a6a       0x34 /opt/st/stm32cubeide_1.15.1/plugins/com.st.stm32cube.ide.mcu.externaltools.gnu-tools-for-stm32.12.3.rel1.linux64_1.0.100.202403111256/tools/bin/../lib/gcc/arm-none-eabi/12.3.1/../../../../arm-none-eabi/lib/thumb/v7e-m+fp/hard/libc_nano.a(libc_a-reallocr.o)
 .ARM.attributes
                0x00000a9e       0x34 /opt/st/stm32cubeide_1.15.1/plugins/com.st.stm32cube.ide.mcu.externaltools.gnu-tools-for-stm32.12.3.rel1.linux64_1.0.100.202403111256/tools/bin/../lib/gcc/arm-none-eabi/12.3.1/../../../../arm-none-eabi/lib/thumb/v7e-m+fp/hard/libc_nano.a(libc_a-msizer.o)
 .ARM.attributes
                0x00000ad2       0x22 /opt/st/stm32cubeide_1.15.1/plugins/com.st.stm32cube.ide.mcu.externaltools.gnu-tools-for-stm32.12.3.rel1.linux64_1.0.100.202403111256/tools/bin/../lib/gcc/arm-none-eabi/12.3.1/thumb/v7e-m+fp/hard/libgcc.a(_aeabi_uldivmod.o)
 .ARM.attributes
                0x00000af4       0x34 /opt/st/stm32cubeide_1.15.1/plugins/com.st.stm32cube.ide.mcu.externaltools.gnu-tools-for-stm32.12.3.rel1.linux64_1.0.100.202403111256/tools/bin/../lib/gcc/arm-none-eabi/12.3.1/thumb/v7e-m+fp/hard/libgcc.a(_udivmoddi4.o)
 .ARM.attributes
                0x00000b28       0x22 /opt/st/stm32cubeide_1.15.1/plugins/com.st.stm32cube.ide.mcu.externaltools.gnu-tools-for-stm32.12.3.rel1.linux64_1.0.100.202403111256/tools/bin/../lib/gcc/arm-none-eabi/12.3.1/thumb/v7e-m+fp/hard/libgcc.a(_dvmd_tls.o)
 .ARM.attributes
                0x00000b4a       0x34 /opt/st/stm32cubeide_1.15.1/plugins/com.st.stm32cube.ide.mcu.externaltools.gnu-tools-for-stm32.12.3.rel1.linux64_1.0.100.202403111256/tools/bin/../lib/gcc/arm-none-eabi/12.3.1/../../../../arm-none-eabi/lib/thumb/v7e-m+fp/hard/libnosys.a(sbrk.o)
 .ARM.attributes
                0x00000b7e       0x22 /opt/st/stm32cubeide_1.15.1/plugins/com.st.stm32cube.ide.mcu.externaltools.gnu-tools-for-stm32.12.3.rel1.linux64_1.0.100.202403111256/tools/bin/../lib/gcc/arm-none-eabi/12.3.1/thumb/v7e-m+fp/hard/crtn.o
OUTPUT(transmitter_demolition_robot.elf elf32-littlearm)
LOAD linker stubs
LOAD /opt/st/stm32cubeide_1.15.1/plugins/com.st.stm32cube.ide.mcu.externaltools.gnu-tools-for-stm32.12.3.rel1.linux64_1.0.100.202403111256/tools/bin/../lib/gcc/arm-none-eabi/12.3.1/../../../../arm-none-eabi/lib/thumb/v7e-m+fp/hard/libc.a
LOAD /opt/st/stm32cubeide_1.15.1/plugins/com.st.stm32cube.ide.mcu.externaltools.gnu-tools-for-stm32.12.3.rel1.linux64_1.0.100.202403111256/tools/bin/../lib/gcc/arm-none-eabi/12.3.1/../../../../arm-none-eabi/lib/thumb/v7e-m+fp/hard/libm.a
LOAD /opt/st/stm32cubeide_1.15.1/plugins/com.st.stm32cube.ide.mcu.externaltools.gnu-tools-for-stm32.12.3.rel1.linux64_1.0.100.202403111256/tools/bin/../lib/gcc/arm-none-eabi/12.3.1/thumb/v7e-m+fp/hard/libgcc.a

.debug_info     0x00000000    0x197a2
 .debug_info    0x00000000      0x9c6 ./Core/Src/adc.o
 .debug_info    0x000009c6      0x417 ./Core/Src/gpio.o
 .debug_info    0x00000ddd      0x9a5 ./Core/Src/i2c.o
 .debug_info    0x00001782      0x786 ./Core/Src/joystick.o
 .debug_info    0x00001f08      0x909 ./Core/Src/lora.o
 .debug_info    0x00002811     0x1140 ./Core/Src/main.o
 .debug_info    0x00003951      0xd38 ./Core/Src/oled.o
 .debug_info    0x00004689      0x291 ./Core/Src/stm32f4xx_hal_msp.o
 .debug_info    0x0000491a      0xadc ./Core/Src/stm32f4xx_it.o
 .debug_info    0x000053f6      0x2ee ./Core/Src/switch.o
 .debug_info    0x000056e4      0x53e ./Core/Src/system_stm32f4xx.o
 .debug_info    0x00005c22      0xb28 ./Core/Src/usart.o
 .debug_info    0x0000674a      0x48c ./Core/Src/usb.o
 .debug_info    0x00006bd6      0x32d ./Core/Src/var.o
 .debug_info    0x00006f03       0x30 ./Core/Startup/startup_stm32f401ceux.o
 .debug_info    0x00006f33      0x8bb ./Drivers/STM32F4xx_HAL_Driver/Src/stm32f4xx_hal.o
 .debug_info    0x000077ee      0xce0 ./Drivers/STM32F4xx_HAL_Driver/Src/stm32f4xx_hal_adc.o
 .debug_info    0x000084ce      0xcf6 ./Drivers/STM32F4xx_HAL_Driver/Src/stm32f4xx_hal_cortex.o
 .debug_info    0x000091c4      0x8e6 ./Drivers/STM32F4xx_HAL_Driver/Src/stm32f4xx_hal_dma.o
 .debug_info    0x00009aaa      0x6f9 ./Drivers/STM32F4xx_HAL_Driver/Src/stm32f4xx_hal_gpio.o
 .debug_info    0x0000a1a3     0x2426 ./Drivers/STM32F4xx_HAL_Driver/Src/stm32f4xx_hal_i2c.o
 .debug_info    0x0000c5c9     0x1577 ./Drivers/STM32F4xx_HAL_Driver/Src/stm32f4xx_hal_pcd.o
 .debug_info    0x0000db40      0x6ea ./Drivers/STM32F4xx_HAL_Driver/Src/stm32f4xx_hal_pcd_ex.o
 .debug_info    0x0000e22a      0x905 ./Drivers/STM32F4xx_HAL_Driver/Src/stm32f4xx_hal_rcc.o
 .debug_info    0x0000eb2f     0x2f56 ./Drivers/STM32F4xx_HAL_Driver/Src/stm32f4xx_hal_uart.o
 .debug_info    0x00011a85     0x1993 ./Drivers/STM32F4xx_HAL_Driver/Src/stm32f4xx_ll_usb.o
 .debug_info    0x00013418     0x12b1 ./Middlewares/ST/STM32_USB_Device_Library/Class/CDC/Src/usbd_cdc.o
 .debug_info    0x000146c9      0xe12 ./Middlewares/ST/STM32_USB_Device_Library/Core/Src/usbd_core.o
 .debug_info    0x000154db      0xaeb ./Middlewares/ST/STM32_USB_Device_Library/Core/Src/usbd_ctlreq.o
 .debug_info    0x00015fc6      0x762 ./Middlewares/ST/STM32_USB_Device_Library/Core/Src/usbd_ioreq.o
 .debug_info    0x00016728      0x70e ./USB_DEVICE/App/usb_device.o
 .debug_info    0x00016e36      0x907 ./USB_DEVICE/App/usbd_cdc_if.o
 .debug_info    0x0001773d      0x458 ./USB_DEVICE/App/usbd_desc.o
 .debug_info    0x00017b95     0x1c0d ./USB_DEVICE/Target/usbd_conf.o

.debug_abbrev   0x00000000     0x46b2
 .debug_abbrev  0x00000000      0x1f2 ./Core/Src/adc.o
 .debug_abbrev  0x000001f2      0x151 ./Core/Src/gpio.o
 .debug_abbrev  0x00000343      0x1f0 ./Core/Src/i2c.o
 .debug_abbrev  0x00000533      0x165 ./Core/Src/joystick.o
 .debug_abbrev  0x00000698      0x236 ./Core/Src/lora.o
 .debug_abbrev  0x000008ce      0x27d ./Core/Src/main.o
 .debug_abbrev  0x00000b4b      0x28d ./Core/Src/oled.o
 .debug_abbrev  0x00000dd8       0xd8 ./Core/Src/stm32f4xx_hal_msp.o
 .debug_abbrev  0x00000eb0      0x1da ./Core/Src/stm32f4xx_it.o
 .debug_abbrev  0x0000108a      0x198 ./Core/Src/switch.o
 .debug_abbrev  0x00001222      0x11a ./Core/Src/system_stm32f4xx.o
 .debug_abbrev  0x0000133c      0x217 ./Core/Src/usart.o
 .debug_abbrev  0x00001553      0x1a9 ./Core/Src/usb.o
 .debug_abbrev  0x000016fc      0x1af ./Core/Src/var.o
 .debug_abbrev  0x000018ab       0x24 ./Core/Startup/startup_stm32f401ceux.o
 .debug_abbrev  0x000018cf      0x24b ./Drivers/STM32F4xx_HAL_Driver/Src/stm32f4xx_hal.o
 .debug_abbrev  0x00001b1a      0x20e ./Drivers/STM32F4xx_HAL_Driver/Src/stm32f4xx_hal_adc.o
 .debug_abbrev  0x00001d28      0x31d ./Drivers/STM32F4xx_HAL_Driver/Src/stm32f4xx_hal_cortex.o
 .debug_abbrev  0x00002045      0x221 ./Drivers/STM32F4xx_HAL_Driver/Src/stm32f4xx_hal_dma.o
 .debug_abbrev  0x00002266      0x1d3 ./Drivers/STM32F4xx_HAL_Driver/Src/stm32f4xx_hal_gpio.o
 .debug_abbrev  0x00002439      0x2bc ./Drivers/STM32F4xx_HAL_Driver/Src/stm32f4xx_hal_i2c.o
 .debug_abbrev  0x000026f5      0x2b6 ./Drivers/STM32F4xx_HAL_Driver/Src/stm32f4xx_hal_pcd.o
 .debug_abbrev  0x000029ab      0x1da ./Drivers/STM32F4xx_HAL_Driver/Src/stm32f4xx_hal_pcd_ex.o
 .debug_abbrev  0x00002b85      0x2b6 ./Drivers/STM32F4xx_HAL_Driver/Src/stm32f4xx_hal_rcc.o
 .debug_abbrev  0x00002e3b      0x31b ./Drivers/STM32F4xx_HAL_Driver/Src/stm32f4xx_hal_uart.o
 .debug_abbrev  0x00003156      0x2b3 ./Drivers/STM32F4xx_HAL_Driver/Src/stm32f4xx_ll_usb.o
 .debug_abbrev  0x00003409      0x2d2 ./Middlewares/ST/STM32_USB_Device_Library/Class/CDC/Src/usbd_cdc.o
 .debug_abbrev  0x000036db      0x27c ./Middlewares/ST/STM32_USB_Device_Library/Core/Src/usbd_core.o