../Core/Src/pwm.c:36:6:PWM_Init	8	static
../Core/Src/pwm.c:56:13:PWM_ConfigureGPIO	4	static
../Core/Src/pwm.c:105:13:PWM_TIM1_Init	4	static
../Core/Src/pwm.c:146:13:PWM_TIM2_Init	4	static
../Core/Src/pwm.c:184:13:PWM_TIM3_Init	4	static
../Core/Src/pwm.c:222:13:PWM_TIM4_Init	4	static
../Core/Src/pwm.c:260:13:PWM_TIM8_Init	4	static
../Core/Src/pwm.c:303:6:PWM_SetDutyCycle	24	static
../Core/Src/pwm.c:356:9:PWM_GetDutyCycle	16	static
../Core/Src/pwm.c:367:6:PWM_Stop	16	static
../Core/Src/pwm.c:376:6:PWM_StopAll	16	static
